00:00 +0: loading C:/Users/HP/Documents/OthliAni/othliani/frontend/test/features/guia/auth/presentation/screens/guia_login_screen_test.dart
00:00 +0: GuiaLoginScreen (Widget Test) Debe tener dos campos de texto (Email y Contrase├▒a) y un bot├│n de Ingresar
ÔòÉÔòÉÔòí EXCEPTION CAUGHT BY WIDGETS LIBRARY Ôò×ÔòÉÔòÉÔòÉÔòÉÔòÉÔòÉÔòÉÔòÉÔòÉÔòÉÔòÉÔòÉÔòÉÔòÉÔòÉÔòÉÔòÉÔòÉÔòÉÔòÉÔòÉÔòÉÔòÉÔòÉÔòÉÔòÉÔòÉÔòÉÔòÉÔòÉÔòÉÔòÉÔòÉÔòÉÔòÉÔòÉÔòÉÔòÉÔòÉÔòÉÔòÉÔòÉÔòÉÔòÉÔòÉÔòÉÔòÉÔòÉÔòÉÔòÉÔòÉÔòÉÔòÉÔòÉÔòÉÔòÉÔòÉÔòÉÔòÉ
The following StateError was thrown building _GuiaLoginView(dependencies: [InheritedCupertinoTheme,
_InheritedTheme, _LocalizationsScope-[GlobalKey#73f13]], state: _GuiaLoginViewState#4d761):
Bad state: GetIt: Object/factory with type GuiaLoginCubit is not registered inside GetIt.
(Did you accidentally do GetIt sl=GetIt.instance(); instead of GetIt sl=GetIt.instance;
Did you forget to register it?)

The relevant error-causing widget was:
  _GuiaLoginView
  _GuiaLoginView:file:///C:/Users/HP/Documents/OthliAni/othliani/frontend/lib/features/guia/auth/presentation/screens/guia_login_screen.dart:15:20

When the exception was thrown, this was the stack:
#0      throwIfNot (package:get_it/get_it_impl.dart:14:19)
#1      _GetItImplementation._findRegistrationByNameAndType (package:get_it/get_it_impl.dart:682:5)
#2      _GetItImplementation._get (package:get_it/get_it_impl.dart:740:11)
#3      _GetItImplementation.get (package:get_it/get_it_impl.dart:707:12)
#4      _GetItImplementation.call (package:get_it/get_it_impl.dart:829:12)
#5      GuiaLoginScreen.build.<anonymous closure> (package:frontend/features/guia/auth/presentation/screens/guia_login_screen.dart:14:24)
#6      _CreateInheritedProviderState.value (package:provider/src/inherited_provider.dart:749:36)
#7      _InheritedProviderScopeElement.value (package:provider/src/inherited_provider.dart:603:33)
#8      Provider.of (package:provider/src/provider.dart:337:37)
#9      ReadContext.read (package:provider/src/provider.dart:683:21)
#10     _BlocListenerBaseState.initState (package:flutter_bloc/src/bloc_listener.dart:158:36)
#11     StatefulElement._firstBuild (package:flutter/src/widgets/framework.dart:5953:55)
#12     ComponentElement.mount (package:flutter/src/widgets/framework.dart:5796:5)
#13     SingleChildWidgetElementMixin.mount (package:nested/nested.dart:222:11)
...     Normal element mounting (15 frames)
#28     _InheritedProviderScopeElement.mount (package:provider/src/inherited_provider.dart:424:11)
...     Normal element mounting (7 frames)
#35     SingleChildWidgetElementMixin.mount (package:nested/nested.dart:222:11)
...     Normal element mounting (7 frames)
#42     SingleChildWidgetElementMixin.mount (package:nested/nested.dart:222:11)
...     Normal element mounting (266 frames)
#308    Element.inflateWidget (package:flutter/src/widgets/framework.dart:4590:20)
#309    MultiChildRenderObjectElement.inflateWidget (package:flutter/src/widgets/framework.dart:7269:36)
#310    MultiChildRenderObjectElement.mount (package:flutter/src/widgets/framework.dart:7285:32)
...     Normal element mounting (465 frames)
#775    Element.inflateWidget (package:flutter/src/widgets/framework.dart:4590:20)
#776    Element.updateChild (package:flutter/src/widgets/framework.dart:4053:20)
#777    ComponentElement.performRebuild (package:flutter/src/widgets/framework.dart:5844:16)
#778    Element.rebuild (package:flutter/src/widgets/framework.dart:5532:7)
#779    ProxyElement.update (package:flutter/src/widgets/framework.dart:6152:5)
#780    _InheritedNotifierElement.update (package:flutter/src/widgets/inherited_notifier.dart:108:11)
#781    Element.updateChild (package:flutter/src/widgets/framework.dart:4037:15)
#782    ComponentElement.performRebuild (package:flutter/src/widgets/framework.dart:5844:16)
#783    StatefulElement.performRebuild (package:flutter/src/widgets/framework.dart:5985:11)
#784    Element.rebuild (package:flutter/src/widgets/framework.dart:5532:7)
#785    StatefulElement.update (package:flutter/src/widgets/framework.dart:6010:5)
#786    Element.updateChild (package:flutter/src/widgets/framework.dart:4037:15)
#787    ComponentElement.performRebuild (package:flutter/src/widgets/framework.dart:5844:16)
#788    Element.rebuild (package:flutter/src/widgets/framework.dart:5532:7)
#789    ProxyElement.update (package:flutter/src/widgets/framework.dart:6152:5)
#790    _InheritedNotifierElement.update (package:flutter/src/widgets/inherited_notifier.dart:108:11)
#791    Element.updateChild (package:flutter/src/widgets/framework.dart:4037:15)
#792    ComponentElement.performRebuild (package:flutter/src/widgets/framework.dart:5844:16)
#793    StatefulElement.performRebuild (package:flutter/src/widgets/framework.dart:5985:11)
#794    Element.rebuild (package:flutter/src/widgets/framework.dart:5532:7)
#795    StatefulElement.update (package:flutter/src/widgets/framework.dart:6010:5)
#796    Element.updateChild (package:flutter/src/widgets/framework.dart:4037:15)
#797    ComponentElement.performRebuild (package:flutter/src/widgets/framework.dart:5844:16)
#798    StatefulElement.performRebuild (package:flutter/src/widgets/framework.dart:5985:11)
#799    Element.rebuild (package:flutter/src/widgets/framework.dart:5532:7)
#800    StatefulElement.update (package:flutter/src/widgets/framework.dart:6010:5)
#801    Element.updateChild (package:flutter/src/widgets/framework.dart:4037:15)
#802    ComponentElement.performRebuild (package:flutter/src/widgets/framework.dart:5844:16)
#803    Element.rebuild (package:flutter/src/widgets/framework.dart:5532:7)
#804    ProxyElement.update (package:flutter/src/widgets/framework.dart:6152:5)
#805    Element.updateChild (package:flutter/src/widgets/framework.dart:4037:15)
#806    ComponentElement.performRebuild (package:flutter/src/widgets/framework.dart:5844:16)
#807    StatefulElement.performRebuild (package:flutter/src/widgets/framework.dart:5985:11)
#808    Element.rebuild (package:flutter/src/widgets/framework.dart:5532:7)
#809    StatefulElement.update (package:flutter/src/widgets/framework.dart:6010:5)
#810    Element.updateChild (package:flutter/src/widgets/framework.dart:4037:15)
#811    ComponentElement.performRebuild (package:flutter/src/widgets/framework.dart:5844:16)
#812    Element.rebuild (package:flutter/src/widgets/framework.dart:5532:7)
#813    ProxyElement.update (package:flutter/src/widgets/framework.dart:6152:5)
#814    Element.updateChild (package:flutter/src/widgets/framework.dart:4037:15)
#815    ComponentElement.performRebuild (package:flutter/src/widgets/framework.dart:5844:16)
#816    Element.rebuild (package:flutter/src/widgets/framework.dart:5532:7)
#817    ProxyElement.update (package:flutter/src/widgets/framework.dart:6152:5)
#818    Element.updateChild (package:flutter/src/widgets/framework.dart:4037:15)
#819    _RawViewElement._updateChild (package:flutter/src/widgets/view.dart:481:16)
#820    _RawViewElement.update (package:flutter/src/widgets/view.dart:568:5)
#821    Element.updateChild (package:flutter/src/widgets/framework.dart:4037:15)
#822    ComponentElement.performRebuild (package:flutter/src/widgets/framework.dart:5844:16)
#823    Element.rebuild (package:flutter/src/widgets/framework.dart:5532:7)
#824    StatelessElement.update (package:flutter/src/widgets/framework.dart:5898:5)
#825    Element.updateChild (package:flutter/src/widgets/framework.dart:4037:15)
#826    ComponentElement.performRebuild (package:flutter/src/widgets/framework.dart:5844:16)
#827    StatefulElement.performRebuild (package:flutter/src/widgets/framework.dart:5985:11)
#828    Element.rebuild (package:flutter/src/widgets/framework.dart:5532:7)
#829    StatefulElement.update (package:flutter/src/widgets/framework.dart:6010:5)
#830    Element.updateChild (package:flutter/src/widgets/framework.dart:4037:15)
#831    RootElement._rebuild (package:flutter/src/widgets/binding.dart:1782:16)
#832    RootElement.update (package:flutter/src/widgets/binding.dart:1760:5)
#833    RootElement.performRebuild (package:flutter/src/widgets/binding.dart:1774:7)
#834    Element.rebuild (package:flutter/src/widgets/framework.dart:5532:7)
#835    BuildScope._tryRebuild (package:flutter/src/widgets/framework.dart:2750:15)
#836    BuildScope._flushDirtyElements (package:flutter/src/widgets/framework.dart:2807:11)
#837    BuildOwner.buildScope (package:flutter/src/widgets/framework.dart:3111:18)
#838    AutomatedTestWidgetsFlutterBinding.drawFrame (package:flutter_test/src/binding.dart:1506:19)
#839    RendererBinding._handlePersistentFrameCallback (package:flutter/src/rendering/binding.dart:495:5)
#840    SchedulerBinding._invokeFrameCallback (package:flutter/src/scheduler/binding.dart:1434:15)
#841    SchedulerBinding.handleDrawFrame (package:flutter/src/scheduler/binding.dart:1347:9)
#842    AutomatedTestWidgetsFlutterBinding.pump.<anonymous closure> (package:flutter_test/src/binding.dart:1335:9)
#845    TestAsyncUtils.guard (package:flutter_test/src/test_async_utils.dart:74:41)
#846    AutomatedTestWidgetsFlutterBinding.pump (package:flutter_test/src/binding.dart:1324:27)
#847    WidgetTester.pumpWidget.<anonymous closure> (package:flutter_test/src/widget_tester.dart:598:22)
#850    TestAsyncUtils.guard (package:flutter_test/src/test_async_utils.dart:74:41)
#851    WidgetTester.pumpWidget (package:flutter_test/src/widget_tester.dart:595:27)
#852    main.<anonymous closure>.<anonymous closure> (file:///C:/Users/HP/Documents/OthliAni/othliani/frontend/test/features/guia/auth/presentation/screens/guia_login_screen_test.dart:34:22)
#853    testWidgets.<anonymous closure>.<anonymous closure> (package:flutter_test/src/widget_tester.dart:192:29)
<asynchronous suspension>
#854    TestWidgetsFlutterBinding._runTestBody (package:flutter_test/src/binding.dart:1059:5)
<asynchronous suspension>
<asynchronous suspension>
(elided 5 frames from dart:async and package:stack_trace)

ÔòÉÔòÉÔòÉÔòÉÔòÉÔòÉÔòÉÔòÉÔòÉÔòÉÔòÉÔòÉÔòÉÔòÉÔòÉÔòÉÔòÉÔòÉÔòÉÔòÉÔòÉÔòÉÔòÉÔòÉÔòÉÔòÉÔòÉÔòÉÔòÉÔòÉÔòÉÔòÉÔòÉÔòÉÔòÉÔòÉÔòÉÔòÉÔòÉÔòÉÔòÉÔòÉÔòÉÔòÉÔòÉÔòÉÔòÉÔòÉÔòÉÔòÉÔòÉÔòÉÔòÉÔòÉÔòÉÔòÉÔòÉÔòÉÔòÉÔòÉÔòÉÔòÉÔòÉÔòÉÔòÉÔòÉÔòÉÔòÉÔòÉÔòÉÔòÉÔòÉÔòÉÔòÉÔòÉÔòÉÔòÉÔòÉÔòÉÔòÉÔòÉÔòÉÔòÉÔòÉÔòÉÔòÉÔòÉÔòÉÔòÉÔòÉÔòÉÔòÉÔòÉÔòÉÔòÉÔòÉÔòÉÔòÉÔòÉÔòÉ
ÔòÉÔòÉÔòí EXCEPTION CAUGHT BY FLUTTER TEST FRAMEWORK Ôò×ÔòÉÔòÉÔòÉÔòÉÔòÉÔòÉÔòÉÔòÉÔòÉÔòÉÔòÉÔòÉÔòÉÔòÉÔòÉÔòÉÔòÉÔòÉÔòÉÔòÉÔòÉÔòÉÔòÉÔòÉÔòÉÔòÉÔòÉÔòÉÔòÉÔòÉÔòÉÔòÉÔòÉÔòÉÔòÉÔòÉÔòÉÔòÉÔòÉÔòÉÔòÉÔòÉÔòÉÔòÉÔòÉÔòÉÔòÉÔòÉÔòÉÔòÉÔòÉÔòÉ
The following TestFailure was thrown running a test:
Expected: exactly 2 matching candidates
  Actual: _TypeWidgetFinder:<Found 0 widgets with type "TextField": []>
   Which: means none were found but some were expected

When the exception was thrown, this was the stack:
#4      main.<anonymous closure>.<anonymous closure> (file:///C:/Users/HP/Documents/OthliAni/othliani/frontend/test/features/guia/auth/presentation/screens/guia_login_screen_test.dart:36:9)
<asynchronous suspension>
#5      testWidgets.<anonymous closure>.<anonymous closure> (package:flutter_test/src/widget_tester.dart:192:15)
<asynchronous suspension>
#6      TestWidgetsFlutterBinding._runTestBody (package:flutter_test/src/binding.dart:1059:5)
<asynchronous suspension>
<asynchronous suspension>
(elided one frame from package:stack_trace)

This was caught by the test expectation on the following line:
  file:///C:/Users/HP/Documents/OthliAni/othliani/frontend/test/features/guia/auth/presentation/screens/guia_login_screen_test.dart line 36
The test description was:
  Debe tener dos campos de texto (Email y Contrase├▒a) y un bot├│n de Ingresar
ÔòÉÔòÉÔòÉÔòÉÔòÉÔòÉÔòÉÔòÉÔòÉÔòÉÔòÉÔòÉÔòÉÔòÉÔòÉÔòÉÔòÉÔòÉÔòÉÔòÉÔòÉÔòÉÔòÉÔòÉÔòÉÔòÉÔòÉÔòÉÔòÉÔòÉÔòÉÔòÉÔòÉÔòÉÔòÉÔòÉÔòÉÔòÉÔòÉÔòÉÔòÉÔòÉÔòÉÔòÉÔòÉÔòÉÔòÉÔòÉÔòÉÔòÉÔòÉÔòÉÔòÉÔòÉÔòÉÔòÉÔòÉÔòÉÔòÉÔòÉÔòÉÔòÉÔòÉÔòÉÔòÉÔòÉÔòÉÔòÉÔòÉÔòÉÔòÉÔòÉÔòÉÔòÉÔòÉÔòÉÔòÉÔòÉÔòÉÔòÉÔòÉÔòÉÔòÉÔòÉÔòÉÔòÉÔòÉÔòÉÔòÉÔòÉÔòÉÔòÉÔòÉÔòÉÔòÉÔòÉÔòÉÔòÉÔòÉÔòÉ
ÔòÉÔòÉÔòí EXCEPTION CAUGHT BY FLUTTER TEST FRAMEWORK Ôò×ÔòÉÔòÉÔòÉÔòÉÔòÉÔòÉÔòÉÔòÉÔòÉÔòÉÔòÉÔòÉÔòÉÔòÉÔòÉÔòÉÔòÉÔòÉÔòÉÔòÉÔòÉÔòÉÔòÉÔòÉÔòÉÔòÉÔòÉÔòÉÔòÉÔòÉÔòÉÔòÉÔòÉÔòÉÔòÉÔòÉÔòÉÔòÉÔòÉÔòÉÔòÉÔòÉÔòÉÔòÉÔòÉÔòÉÔòÉÔòÉÔòÉÔòÉÔòÉÔòÉ
The following message was thrown:
Multiple exceptions (2) were detected during the running of the current test, and at least one was
unexpected.
ÔòÉÔòÉÔòÉÔòÉÔòÉÔòÉÔòÉÔòÉÔòÉÔòÉÔòÉÔòÉÔòÉÔòÉÔòÉÔòÉÔòÉÔòÉÔòÉÔòÉÔòÉÔòÉÔòÉÔòÉÔòÉÔòÉÔòÉÔòÉÔòÉÔòÉÔòÉÔòÉÔòÉÔòÉÔòÉÔòÉÔòÉÔòÉÔòÉÔòÉÔòÉÔòÉÔòÉÔòÉÔòÉÔòÉÔòÉÔòÉÔòÉÔòÉÔòÉÔòÉÔòÉÔòÉÔòÉÔòÉÔòÉÔòÉÔòÉÔòÉÔòÉÔòÉÔòÉÔòÉÔòÉÔòÉÔòÉÔòÉÔòÉÔòÉÔòÉÔòÉÔòÉÔòÉÔòÉÔòÉÔòÉÔòÉÔòÉÔòÉÔòÉÔòÉÔòÉÔòÉÔòÉÔòÉÔòÉÔòÉÔòÉÔòÉÔòÉÔòÉÔòÉÔòÉÔòÉÔòÉÔòÉÔòÉÔòÉÔòÉ
00:01 +0 -1: GuiaLoginScreen (Widget Test) Debe tener dos campos de texto (Email y Contrase├▒a) y un bot├│n de Ingresar [E]
  Test failed. See exception logs above.
  The test description was: Debe tener dos campos de texto (Email y Contrase├▒a) y un bot├│n de Ingresar
  
00:01 +0 -1: GuiaLoginScreen (Widget Test) Llama a login(email, password) al presionar el bot├│n Ingresar
ÔòÉÔòÉÔòí EXCEPTION CAUGHT BY WIDGETS LIBRARY Ôò×ÔòÉÔòÉÔòÉÔòÉÔòÉÔòÉÔòÉÔòÉÔòÉÔòÉÔòÉÔòÉÔòÉÔòÉÔòÉÔòÉÔòÉÔòÉÔòÉÔòÉÔòÉÔòÉÔòÉÔòÉÔòÉÔòÉÔòÉÔòÉÔòÉÔòÉÔòÉÔòÉÔòÉÔòÉÔòÉÔòÉÔòÉÔòÉÔòÉÔòÉÔòÉÔòÉÔòÉÔòÉÔòÉÔòÉÔòÉÔòÉÔòÉÔòÉÔòÉÔòÉÔòÉÔòÉÔòÉÔòÉÔòÉÔòÉÔòÉ
The following _TypeError was thrown while finalizing the widget tree:
type 'Null' is not a subtype of type 'GuiaLoginCubit' in type cast

When the exception was thrown, this was the stack:
#0      _CreateInheritedProviderState.dispose (package:provider/src/inherited_provider.dart:810:47)
#1      _InheritedProviderScopeElement.unmount (package:provider/src/inherited_provider.dart:572:20)
#2      _InactiveElements._unmount (package:flutter/src/widgets/framework.dart:2117:13)
#3      _InactiveElements._unmount.<anonymous closure> (package:flutter/src/widgets/framework.dart:2115:7)
#4      ComponentElement.visitChildren (package:flutter/src/widgets/framework.dart:5874:14)
#5      _InactiveElements._unmount (package:flutter/src/widgets/framework.dart:2113:13)
#6      _InactiveElements._unmount.<anonymous closure> (package:flutter/src/widgets/framework.dart:2115:7)
#7      ComponentElement.visitChildren (package:flutter/src/widgets/framework.dart:5874:14)
#8      _InactiveElements._unmount (package:flutter/src/widgets/framework.dart:2113:13)
#9      _InactiveElements._unmount.<anonymous closure> (package:flutter/src/widgets/framework.dart:2115:7)
#10     ComponentElement.visitChildren (package:flutter/src/widgets/framework.dart:5874:14)
#11     _InactiveElements._unmount (package:flutter/src/widgets/framework.dart:2113:13)
#12     _InactiveElements._unmount.<anonymous closure> (package:flutter/src/widgets/framework.dart:2115:7)
#13     SingleChildRenderObjectElement.visitChildren (package:flutter/src/widgets/framework.dart:7104:14)
#14     _InactiveElements._unmount (package:flutter/src/widgets/framework.dart:2113:13)
#15     _InactiveElements._unmount.<anonymous closure> (package:flutter/src/widgets/framework.dart:2115:7)
#16     ComponentElement.visitChildren (package:flutter/src/widgets/framework.dart:5874:14)
#17     _InactiveElements._unmount (package:flutter/src/widgets/framework.dart:2113:13)
#18     _InactiveElements._unmount.<anonymous closure> (package:flutter/src/widgets/framework.dart:2115:7)
#19     SingleChildRenderObjectElement.visitChildren (package:flutter/src/widgets/framework.dart:7104:14)
#20     _InactiveElements._unmount (package:flutter/src/widgets/framework.dart:2113:13)
#21     _InactiveElements._unmount.<anonymous closure> (package:flutter/src/widgets/framework.dart:2115:7)
#22     SingleChildRenderObjectElement.visitChildren (package:flutter/src/widgets/framework.dart:7104:14)
#23     _InactiveElements._unmount (package:flutter/src/widgets/framework.dart:2113:13)
#24     _InactiveElements._unmount.<anonymous closure> (package:flutter/src/widgets/framework.dart:2115:7)
#25     ComponentElement.visitChildren (package:flutter/src/widgets/framework.dart:5874:14)
#26     _InactiveElements._unmount (package:flutter/src/widgets/framework.dart:2113:13)
#27     _InactiveElements._unmount.<anonymous closure> (package:flutter/src/widgets/framework.dart:2115:7)
#28     SingleChildRenderObjectElement.visitChildren (package:flutter/src/widgets/framework.dart:7104:14)
#29     _InactiveElements._unmount (package:flutter/src/widgets/framework.dart:2113:13)
#30     _InactiveElements._unmount.<anonymous closure> (package:flutter/src/widgets/framework.dart:2115:7)
#31     ComponentElement.visitChildren (package:flutter/src/widgets/framework.dart:5874:14)
#32     _InactiveElements._unmount (package:flutter/src/widgets/framework.dart:2113:13)
#33     _InactiveElements._unmount.<anonymous closure> (package:flutter/src/widgets/framework.dart:2115:7)
#34     SingleChildRenderObjectElement.visitChildren (package:flutter/src/widgets/framework.dart:7104:14)
#35     _InactiveElements._unmount (package:flutter/src/widgets/framework.dart:2113:13)
#36     _InactiveElements._unmount.<anonymous closure> (package:flutter/src/widgets/framework.dart:2115:7)
#37     SingleChildRenderObjectElement.visitChildren (package:flutter/src/widgets/framework.dart:7104:14)
#38     _InactiveElements._unmount (package:flutter/src/widgets/framework.dart:2113:13)
#39     _InactiveElements._unmount.<anonymous closure> (package:flutter/src/widgets/framework.dart:2115:7)
#40     ComponentElement.visitChildren (package:flutter/src/widgets/framework.dart:5874:14)
#41     _InactiveElements._unmount (package:flutter/src/widgets/framework.dart:2113:13)
#42     _InactiveElements._unmount.<anonymous closure> (package:flutter/src/widgets/framework.dart:2115:7)
#43     SingleChildRenderObjectElement.visitChildren (package:flutter/src/widgets/framework.dart:7104:14)
#44     _InactiveElements._unmount (package:flutter/src/widgets/framework.dart:2113:13)
#45     _InactiveElements._unmount.<anonymous closure> (package:flutter/src/widgets/framework.dart:2115:7)
#46     ComponentElement.visitChildren (package:flutter/src/widgets/framework.dart:5874:14)
#47     _InactiveElements._unmount (package:flutter/src/widgets/framework.dart:2113:13)
#48     _InactiveElements._unmount.<anonymous closure> (package:flutter/src/widgets/framework.dart:2115:7)
#49     SingleChildRenderObjectElement.visitChildren (package:flutter/src/widgets/framework.dart:7104:14)
#50     _InactiveElements._unmount (package:flutter/src/widgets/framework.dart:2113:13)
#51     _InactiveElements._unmount.<anonymous closure> (package:flutter/src/widgets/framework.dart:2115:7)
#52     SingleChildRenderObjectElement.visitChildren (package:flutter/src/widgets/framework.dart:7104:14)
#53     _InactiveElements._unmount (package:flutter/src/widgets/framework.dart:2113:13)
#54     _InactiveElements._unmount.<anonymous closure> (package:flutter/src/widgets/framework.dart:2115:7)
#55     ComponentElement.visitChildren (package:flutter/src/widgets/framework.dart:5874:14)
#56     _InactiveElements._unmount (package:flutter/src/widgets/framework.dart:2113:13)
#57     _InactiveElements._unmount.<anonymous closure> (package:flutter/src/widgets/framework.dart:2115:7)
#58     SingleChildRenderObjectElement.visitChildren (package:flutter/src/widgets/framework.dart:7104:14)
#59     _InactiveElements._unmount (package:flutter/src/widgets/framework.dart:2113:13)
#60     _InactiveElements._unmount.<anonymous closure> (package:flutter/src/widgets/framework.dart:2115:7)
#61     SingleChildRenderObjectElement.visitChildren (package:flutter/src/widgets/framework.dart:7104:14)
#62     _InactiveElements._unmount (package:flutter/src/widgets/framework.dart:2113:13)
#63     _InactiveElements._unmount.<anonymous closure> (package:flutter/src/widgets/framework.dart:2115:7)
#64     SingleChildRenderObjectElement.visitChildren (package:flutter/src/widgets/framework.dart:7104:14)
#65     _InactiveElements._unmount (package:flutter/src/widgets/framework.dart:2113:13)
#66     _InactiveElements._unmount.<anonymous closure> (package:flutter/src/widgets/framework.dart:2115:7)
#67     ComponentElement.visitChildren (package:flutter/src/widgets/framework.dart:5874:14)
#68     _InactiveElements._unmount (package:flutter/src/widgets/framework.dart:2113:13)
#69     _InactiveElements._unmount.<anonymous closure> (package:flutter/src/widgets/framework.dart:2115:7)
#70     SingleChildRenderObjectElement.visitChildren (package:flutter/src/widgets/framework.dart:7104:14)
#71     _InactiveElements._unmount (package:flutter/src/widgets/framework.dart:2113:13)
#72     _InactiveElements._unmount.<anonymous closure> (package:flutter/src/widgets/framework.dart:2115:7)
#73     ComponentElement.visitChildren (package:flutter/src/widgets/framework.dart:5874:14)
#74     _InactiveElements._unmount (package:flutter/src/widgets/framework.dart:2113:13)
#75     _InactiveElements._unmount.<anonymous closure> (package:flutter/src/widgets/framework.dart:2115:7)
#76     ComponentElement.visitChildren (package:flutter/src/widgets/framework.dart:5874:14)
#77     _InactiveElements._unmount (package:flutter/src/widgets/framework.dart:2113:13)
#78     _InactiveElements._unmount.<anonymous closure> (package:flutter/src/widgets/framework.dart:2115:7)
#79     ComponentElement.visitChildren (package:flutter/src/widgets/framework.dart:5874:14)
#80     _InactiveElements._unmount (package:flutter/src/widgets/framework.dart:2113:13)
#81     _InactiveElements._unmount.<anonymous closure> (package:flutter/src/widgets/framework.dart:2115:7)
#82     ComponentElement.visitChildren (package:flutter/src/widgets/framework.dart:5874:14)
#83     _InactiveElements._unmount (package:flutter/src/widgets/framework.dart:2113:13)
#84     _InactiveElements._unmount.<anonymous closure> (package:flutter/src/widgets/framework.dart:2115:7)
#85     ComponentElement.visitChildren (package:flutter/src/widgets/framework.dart:5874:14)
#86     _InactiveElements._unmount (package:flutter/src/widgets/framework.dart:2113:13)
#87     _InactiveElements._unmount.<anonymous closure> (package:flutter/src/widgets/framework.dart:2115:7)
#88     SingleChildRenderObjectElement.visitChildren (package:flutter/src/widgets/framework.dart:7104:14)
#89     _InactiveElements._unmount (package:flutter/src/widgets/framework.dart:2113:13)
#90     _InactiveElements._unmount.<anonymous closure> (package:flutter/src/widgets/framework.dart:2115:7)
#91     ComponentElement.visitChildren (package:flutter/src/widgets/framework.dart:5874:14)
#92     _InactiveElements._unmount (package:flutter/src/widgets/framework.dart:2113:13)
#93     _InactiveElements._unmount.<anonymous closure> (package:flutter/src/widgets/framework.dart:2115:7)
#94     SingleChildRenderObjectElement.visitChildren (package:flutter/src/widgets/framework.dart:7104:14)
#95     _InactiveElements._unmount (package:flutter/src/widgets/framework.dart:2113:13)
#96     _InactiveElements._unmount.<anonymous closure> (package:flutter/src/widgets/framework.dart:2115:7)
#97     ComponentElement.visitChildren (package:flutter/src/widgets/framework.dart:5874:14)
#98     _InactiveElements._unmount (package:flutter/src/widgets/framework.dart:2113:13)
#99     _InactiveElements._unmount.<anonymous closure> (package:flutter/src/widgets/framework.dart:2115:7)
#100    ComponentElement.visitChildren (package:flutter/src/widgets/framework.dart:5874:14)
#101    _InactiveElements._unmount (package:flutter/src/widgets/framework.dart:2113:13)
#102    _InactiveElements._unmount.<anonymous closure> (package:flutter/src/widgets/framework.dart:2115:7)
#103    ComponentElement.visitChildren (package:flutter/src/widgets/framework.dart:5874:14)
#104    _InactiveElements._unmount (package:flutter/src/widgets/framework.dart:2113:13)
#105    _InactiveElements._unmount.<anonymous closure> (package:flutter/src/widgets/framework.dart:2115:7)
#106    ComponentElement.visitChildren (package:flutter/src/widgets/framework.dart:5874:14)
#107    _InactiveElements._unmount (package:flutter/src/widgets/framework.dart:2113:13)
#108    _InactiveElements._unmount.<anonymous closure> (package:flutter/src/widgets/framework.dart:2115:7)
#109    ComponentElement.visitChildren (package:flutter/src/widgets/framework.dart:5874:14)
#110    _InactiveElements._unmount (package:flutter/src/widgets/framework.dart:2113:13)
#111    _InactiveElements._unmount.<anonymous closure> (package:flutter/src/widgets/framework.dart:2115:7)
#112    ComponentElement.visitChildren (package:flutter/src/widgets/framework.dart:5874:14)
#113    _InactiveElements._unmount (package:flutter/src/widgets/framework.dart:2113:13)
#114    _InactiveElements._unmount.<anonymous closure> (package:flutter/src/widgets/framework.dart:2115:7)
#115    SingleChildRenderObjectElement.visitChildren (package:flutter/src/widgets/framework.dart:7104:14)
#116    _InactiveElements._unmount (package:flutter/src/widgets/framework.dart:2113:13)
#117    _InactiveElements._unmount.<anonymous closure> (package:flutter/src/widgets/framework.dart:2115:7)
#118    ComponentElement.visitChildren (package:flutter/src/widgets/framework.dart:5874:14)
#119    _InactiveElements._unmount (package:flutter/src/widgets/framework.dart:2113:13)
#120    _InactiveElements._unmount.<anonymous closure> (package:flutter/src/widgets/framework.dart:2115:7)
#121    ComponentElement.visitChildren (package:flutter/src/widgets/framework.dart:5874:14)
#122    _InactiveElements._unmount (package:flutter/src/widgets/framework.dart:2113:13)
#123    _InactiveElements._unmount.<anonymous closure> (package:flutter/src/widgets/framework.dart:2115:7)
#124    ComponentElement.visitChildren (package:flutter/src/widgets/framework.dart:5874:14)
#125    _InactiveElements._unmount (package:flutter/src/widgets/framework.dart:2113:13)
#126    _InactiveElements._unmount.<anonymous closure> (package:flutter/src/widgets/framework.dart:2115:7)
#127    ComponentElement.visitChildren (package:flutter/src/widgets/framework.dart:5874:14)
#128    _InactiveElements._unmount (package:flutter/src/widgets/framework.dart:2113:13)
#129    _InactiveElements._unmount.<anonymous closure> (package:flutter/src/widgets/framework.dart:2115:7)
#130    ComponentElement.visitChildren (package:flutter/src/widgets/framework.dart:5874:14)
#131    _InactiveElements._unmount (package:flutter/src/widgets/framework.dart:2113:13)
#132    _InactiveElements._unmount.<anonymous closure> (package:flutter/src/widgets/framework.dart:2115:7)
#133    SingleChildRenderObjectElement.visitChildren (package:flutter/src/widgets/framework.dart:7104:14)
#134    _InactiveElements._unmount (package:flutter/src/widgets/framework.dart:2113:13)
#135    _InactiveElements._unmount.<anonymous closure> (package:flutter/src/widgets/framework.dart:2115:7)
#136    ComponentElement.visitChildren (package:flutter/src/widgets/framework.dart:5874:14)
#137    _InactiveElements._unmount (package:flutter/src/widgets/framework.dart:2113:13)
#138    _InactiveElements._unmount.<anonymous closure> (package:flutter/src/widgets/framework.dart:2115:7)
#139    ComponentElement.visitChildren (package:flutter/src/widgets/framework.dart:5874:14)
#140    _InactiveElements._unmount (package:flutter/src/widgets/framework.dart:2113:13)
#141    _InactiveElements._unmount.<anonymous closure> (package:flutter/src/widgets/framework.dart:2115:7)
#142    ComponentElement.visitChildren (package:flutter/src/widgets/framework.dart:5874:14)
#143    _InactiveElements._unmount (package:flutter/src/widgets/framework.dart:2113:13)
#144    _InactiveElements._unmount.<anonymous closure> (package:flutter/src/widgets/framework.dart:2115:7)
#145    ComponentElement.visitChildren (package:flutter/src/widgets/framework.dart:5874:14)
#146    _InactiveElements._unmount (package:flutter/src/widgets/framework.dart:2113:13)
#147    _InactiveElements._unmount.<anonymous closure> (package:flutter/src/widgets/framework.dart:2115:7)
#148    ComponentElement.visitChildren (package:flutter/src/widgets/framework.dart:5874:14)
#149    _InactiveElements._unmount (package:flutter/src/widgets/framework.dart:2113:13)
#150    _InactiveElements._unmount.<anonymous closure> (package:flutter/src/widgets/framework.dart:2115:7)
#151    MultiChildRenderObjectElement.visitChildren (package:flutter/src/widgets/framework.dart:7228:16)
#152    _InactiveElements._unmount (package:flutter/src/widgets/framework.dart:2113:13)
#153    _InactiveElements._unmount.<anonymous closure> (package:flutter/src/widgets/framework.dart:2115:7)
#154    ComponentElement.visitChildren (package:flutter/src/widgets/framework.dart:5874:14)
#155    _InactiveElements._unmount (package:flutter/src/widgets/framework.dart:2113:13)
#156    _InactiveElements._unmount.<anonymous closure> (package:flutter/src/widgets/framework.dart:2115:7)
#157    ComponentElement.visitChildren (package:flutter/src/widgets/framework.dart:5874:14)
#158    _InactiveElements._unmount (package:flutter/src/widgets/framework.dart:2113:13)
#159    _InactiveElements._unmount.<anonymous closure> (package:flutter/src/widgets/framework.dart:2115:7)
#160    ComponentElement.visitChildren (package:flutter/src/widgets/framework.dart:5874:14)
#161    _InactiveElements._unmount (package:flutter/src/widgets/framework.dart:2113:13)
#162    _InactiveElements._unmount.<anonymous closure> (package:flutter/src/widgets/framework.dart:2115:7)
#163    ComponentElement.visitChildren (package:flutter/src/widgets/framework.dart:5874:14)
#164    _InactiveElements._unmount (package:flutter/src/widgets/framework.dart:2113:13)
#165    _InactiveElements._unmount.<anonymous closure> (package:flutter/src/widgets/framework.dart:2115:7)
#166    ComponentElement.visitChildren (package:flutter/src/widgets/framework.dart:5874:14)
#167    _InactiveElements._unmount (package:flutter/src/widgets/framework.dart:2113:13)
#168    _InactiveElements._unmount.<anonymous closure> (package:flutter/src/widgets/framework.dart:2115:7)
#169    ComponentElement.visitChildren (package:flutter/src/widgets/framework.dart:5874:14)
#170    _InactiveElements._unmount (package:flutter/src/widgets/framework.dart:2113:13)
#171    _InactiveElements._unmount.<anonymous closure> (package:flutter/src/widgets/framework.dart:2115:7)
#172    ComponentElement.visitChildren (package:flutter/src/widgets/framework.dart:5874:14)
#173    _InactiveElements._unmount (package:flutter/src/widgets/framework.dart:2113:13)
#174    _InactiveElements._unmount.<anonymous closure> (package:flutter/src/widgets/framework.dart:2115:7)
#175    SingleChildRenderObjectElement.visitChildren (package:flutter/src/widgets/framework.dart:7104:14)
#176    _InactiveElements._unmount (package:flutter/src/widgets/framework.dart:2113:13)
#177    _InactiveElements._unmount.<anonymous closure> (package:flutter/src/widgets/framework.dart:2115:7)
#178    SingleChildRenderObjectElement.visitChildren (package:flutter/src/widgets/framework.dart:7104:14)
#179    _InactiveElements._unmount (package:flutter/src/widgets/framework.dart:2113:13)
#180    _InactiveElements._unmount.<anonymous closure> (package:flutter/src/widgets/framework.dart:2115:7)
#181    ComponentElement.visitChildren (package:flutter/src/widgets/framework.dart:5874:14)
#182    _InactiveElements._unmount (package:flutter/src/widgets/framework.dart:2113:13)
#183    _InactiveElements._unmount.<anonymous closure> (package:flutter/src/widgets/framework.dart:2115:7)
#184    ComponentElement.visitChildren (package:flutter/src/widgets/framework.dart:5874:14)
#185    _InactiveElements._unmount (package:flutter/src/widgets/framework.dart:2113:13)
#186    _InactiveElements._unmount.<anonymous closure> (package:flutter/src/widgets/framework.dart:2115:7)
#187    ComponentElement.visitChildren (package:flutter/src/widgets/framework.dart:5874:14)
#188    _InactiveElements._unmount (package:flutter/src/widgets/framework.dart:2113:13)
#189    _InactiveElements._unmount.<anonymous closure> (package:flutter/src/widgets/framework.dart:2115:7)
#190    ComponentElement.visitChildren (package:flutter/src/widgets/framework.dart:5874:14)
#191    _InactiveElements._unmount (package:flutter/src/widgets/framework.dart:2113:13)
#192    _InactiveElements._unmount.<anonymous closure> (package:flutter/src/widgets/framework.dart:2115:7)
#193    SingleChildRenderObjectElement.visitChildren (package:flutter/src/widgets/framework.dart:7104:14)
#194    _InactiveElements._unmount (package:flutter/src/widgets/framework.dart:2113:13)
#195    _InactiveElements._unmount.<anonymous closure> (package:flutter/src/widgets/framework.dart:2115:7)
#196    ComponentElement.visitChildren (package:flutter/src/widgets/framework.dart:5874:14)
#197    _InactiveElements._unmount (package:flutter/src/widgets/framework.dart:2113:13)
#198    _InactiveElements._unmount.<anonymous closure> (package:flutter/src/widgets/framework.dart:2115:7)
#199    ComponentElement.visitChildren (package:flutter/src/widgets/framework.dart:5874:14)
#200    _InactiveElements._unmount (package:flutter/src/widgets/framework.dart:2113:13)
#201    _InactiveElements._unmount.<anonymous closure> (package:flutter/src/widgets/framework.dart:2115:7)
#202    ComponentElement.visitChildren (package:flutter/src/widgets/framework.dart:5874:14)
#203    _InactiveElements._unmount (package:flutter/src/widgets/framework.dart:2113:13)
#204    _InactiveElements._unmount.<anonymous closure> (package:flutter/src/widgets/framework.dart:2115:7)
#205    ComponentElement.visitChildren (package:flutter/src/widgets/framework.dart:5874:14)
#206    _InactiveElements._unmount (package:flutter/src/widgets/framework.dart:2113:13)
#207    _InactiveElements._unmount.<anonymous closure> (package:flutter/src/widgets/framework.dart:2115:7)
#208    ComponentElement.visitChildren (package:flutter/src/widgets/framework.dart:5874:14)
#209    _InactiveElements._unmount (package:flutter/src/widgets/framework.dart:2113:13)
#210    _InactiveElements._unmount.<anonymous closure> (package:flutter/src/widgets/framework.dart:2115:7)
#211    ComponentElement.visitChildren (package:flutter/src/widgets/framework.dart:5874:14)
#212    _InactiveElements._unmount (package:flutter/src/widgets/framework.dart:2113:13)
#213    _InactiveElements._unmount.<anonymous closure> (package:flutter/src/widgets/framework.dart:2115:7)
#214    ComponentElement.visitChildren (package:flutter/src/widgets/framework.dart:5874:14)
#215    _InactiveElements._unmount (package:flutter/src/widgets/framework.dart:2113:13)
#216    _InactiveElements._unmount.<anonymous closure> (package:flutter/src/widgets/framework.dart:2115:7)
#217    ComponentElement.visitChildren (package:flutter/src/widgets/framework.dart:5874:14)
#218    _InactiveElements._unmount (package:flutter/src/widgets/framework.dart:2113:13)
#219    _InactiveElements._unmount.<anonymous closure> (package:flutter/src/widgets/framework.dart:2115:7)
#220    ComponentElement.visitChildren (package:flutter/src/widgets/framework.dart:5874:14)
#221    _InactiveElements._unmount (package:flutter/src/widgets/framework.dart:2113:13)
#222    _InactiveElements._unmount.<anonymous closure> (package:flutter/src/widgets/framework.dart:2115:7)
#223    ComponentElement.visitChildren (package:flutter/src/widgets/framework.dart:5874:14)
#224    _InactiveElements._unmount (package:flutter/src/widgets/framework.dart:2113:13)
#225    _InactiveElements._unmount.<anonymous closure> (package:flutter/src/widgets/framework.dart:2115:7)
#226    ComponentElement.visitChildren (package:flutter/src/widgets/framework.dart:5874:14)
#227    _InactiveElements._unmount (package:flutter/src/widgets/framework.dart:2113:13)
#228    _InactiveElements._unmount.<anonymous closure> (package:flutter/src/widgets/framework.dart:2115:7)
#229    ComponentElement.visitChildren (package:flutter/src/widgets/framework.dart:5874:14)
#230    _InactiveElements._unmount (package:flutter/src/widgets/framework.dart:2113:13)
#231    _InactiveElements._unmount.<anonymous closure> (package:flutter/src/widgets/framework.dart:2115:7)
#232    ComponentElement.visitChildren (package:flutter/src/widgets/framework.dart:5874:14)
#233    _InactiveElements._unmount (package:flutter/src/widgets/framework.dart:2113:13)
#234    _InactiveElements._unmount.<anonymous closure> (package:flutter/src/widgets/framework.dart:2115:7)
#235    ComponentElement.visitChildren (package:flutter/src/widgets/framework.dart:5874:14)
#236    _InactiveElements._unmount (package:flutter/src/widgets/framework.dart:2113:13)
#237    _InactiveElements._unmount.<anonymous closure> (package:flutter/src/widgets/framework.dart:2115:7)
#238    ComponentElement.visitChildren (package:flutter/src/widgets/framework.dart:5874:14)
#239    _InactiveElements._unmount (package:flutter/src/widgets/framework.dart:2113:13)
#240    _InactiveElements._unmount.<anonymous closure> (package:flutter/src/widgets/framework.dart:2115:7)
#241    SingleChildRenderObjectElement.visitChildren (package:flutter/src/widgets/framework.dart:7104:14)
#242    _InactiveElements._unmount (package:flutter/src/widgets/framework.dart:2113:13)
#243    _InactiveElements._unmount.<anonymous closure> (package:flutter/src/widgets/framework.dart:2115:7)
#244    ComponentElement.visitChildren (package:flutter/src/widgets/framework.dart:5874:14)
#245    _InactiveElements._unmount (package:flutter/src/widgets/framework.dart:2113:13)
#246    _InactiveElements._unmount.<anonymous closure> (package:flutter/src/widgets/framework.dart:2115:7)
#247    ComponentElement.visitChildren (package:flutter/src/widgets/framework.dart:5874:14)
#248    _InactiveElements._unmount (package:flutter/src/widgets/framework.dart:2113:13)
#249    _InactiveElements._unmount.<anonymous closure> (package:flutter/src/widgets/framework.dart:2115:7)
#250    ComponentElement.visitChildren (package:flutter/src/widgets/framework.dart:5874:14)
#251    _InactiveElements._unmount (package:flutter/src/widgets/framework.dart:2113:13)
#252    _InactiveElements._unmount.<anonymous closure> (package:flutter/src/widgets/framework.dart:2115:7)
#253    ComponentElement.visitChildren (package:flutter/src/widgets/framework.dart:5874:14)
#254    _InactiveElements._unmount (package:flutter/src/widgets/framework.dart:2113:13)
#255    _InactiveElements._unmount.<anonymous closure> (package:flutter/src/widgets/framework.dart:2115:7)
#256    ComponentElement.visitChildren (package:flutter/src/widgets/framework.dart:5874:14)
#257    _InactiveElements._unmount (package:flutter/src/widgets/framework.dart:2113:13)
#258    _InactiveElements._unmount.<anonymous closure> (package:flutter/src/widgets/framework.dart:2115:7)
#259    SingleChildRenderObjectElement.visitChildren (package:flutter/src/widgets/framework.dart:7104:14)
#260    _InactiveElements._unmount (package:flutter/src/widgets/framework.dart:2113:13)
#261    _InactiveElements._unmount.<anonymous closure> (package:flutter/src/widgets/framework.dart:2115:7)
#262    ComponentElement.visitChildren (package:flutter/src/widgets/framework.dart:5874:14)
#263    _InactiveElements._unmount (package:flutter/src/widgets/framework.dart:2113:13)
#264    _InactiveElements._unmount.<anonymous closure> (package:flutter/src/widgets/framework.dart:2115:7)
#265    ComponentElement.visitChildren (package:flutter/src/widgets/framework.dart:5874:14)
#266    _InactiveElements._unmount (package:flutter/src/widgets/framework.dart:2113:13)
#267    _InactiveElements._unmount.<anonymous closure> (package:flutter/src/widgets/framework.dart:2115:7)
#268    SingleChildRenderObjectElement.visitChildren (package:flutter/src/widgets/framework.dart:7104:14)
#269    _InactiveElements._unmount (package:flutter/src/widgets/framework.dart:2113:13)
#270    _InactiveElements._unmount.<anonymous closure> (package:flutter/src/widgets/framework.dart:2115:7)
#271    ComponentElement.visitChildren (package:flutter/src/widgets/framework.dart:5874:14)
#272    _InactiveElements._unmount (package:flutter/src/widgets/framework.dart:2113:13)
#273    _InactiveElements._unmount.<anonymous closure> (package:flutter/src/widgets/framework.dart:2115:7)
#274    ComponentElement.visitChildren (package:flutter/src/widgets/framework.dart:5874:14)
#275    _InactiveElements._unmount (package:flutter/src/widgets/framework.dart:2113:13)
#276    _InactiveElements._unmount.<anonymous closure> (package:flutter/src/widgets/framework.dart:2115:7)
#277    ComponentElement.visitChildren (package:flutter/src/widgets/framework.dart:5874:14)
#278    _InactiveElements._unmount (package:flutter/src/widgets/framework.dart:2113:13)
#279    _InactiveElements._unmount.<anonymous closure> (package:flutter/src/widgets/framework.dart:2115:7)
#280    ComponentElement.visitChildren (package:flutter/src/widgets/framework.dart:5874:14)
#281    _InactiveElements._unmount (package:flutter/src/widgets/framework.dart:2113:13)
#282    _InactiveElements._unmount.<anonymous closure> (package:flutter/src/widgets/framework.dart:2115:7)
#283    ComponentElement.visitChildren (package:flutter/src/widgets/framework.dart:5874:14)
#284    _InactiveElements._unmount (package:flutter/src/widgets/framework.dart:2113:13)
#285    _InactiveElements._unmount.<anonymous closure> (package:flutter/src/widgets/framework.dart:2115:7)
#286    SingleChildRenderObjectElement.visitChildren (package:flutter/src/widgets/framework.dart:7104:14)
#287    _InactiveElements._unmount (package:flutter/src/widgets/framework.dart:2113:13)
#288    _InactiveElements._unmount.<anonymous closure> (package:flutter/src/widgets/framework.dart:2115:7)
#289    ComponentElement.visitChildren (package:flutter/src/widgets/framework.dart:5874:14)
#290    _InactiveElements._unmount (package:flutter/src/widgets/framework.dart:2113:13)
#291    _InactiveElements._unmount.<anonymous closure> (package:flutter/src/widgets/framework.dart:2115:7)
#292    ComponentElement.visitChildren (package:flutter/src/widgets/framework.dart:5874:14)
#293    _InactiveElements._unmount (package:flutter/src/widgets/framework.dart:2113:13)
#294    _InactiveElements._unmount.<anonymous closure> (package:flutter/src/widgets/framework.dart:2115:7)
#295    ComponentElement.visitChildren (package:flutter/src/widgets/framework.dart:5874:14)
#296    _InactiveElements._unmount (package:flutter/src/widgets/framework.dart:2113:13)
#297    _InactiveElements._unmount.<anonymous closure> (package:flutter/src/widgets/framework.dart:2115:7)
#298    ComponentElement.visitChildren (package:flutter/src/widgets/framework.dart:5874:14)
#299    _InactiveElements._unmount (package:flutter/src/widgets/framework.dart:2113:13)
#300    _InactiveElements._unmount.<anonymous closure> (package:flutter/src/widgets/framework.dart:2115:7)
#301    ComponentElement.visitChildren (package:flutter/src/widgets/framework.dart:5874:14)
#302    _InactiveElements._unmount (package:flutter/src/widgets/framework.dart:2113:13)
#303    _InactiveElements._unmount.<anonymous closure> (package:flutter/src/widgets/framework.dart:2115:7)
#304    SingleChildRenderObjectElement.visitChildren (package:flutter/src/widgets/framework.dart:7104:14)
#305    _InactiveElements._unmount (package:flutter/src/widgets/framework.dart:2113:13)
#306    _InactiveElements._unmount.<anonymous closure> (package:flutter/src/widgets/framework.dart:2115:7)
#307    ComponentElement.visitChildren (package:flutter/src/widgets/framework.dart:5874:14)
#308    _InactiveElements._unmount (package:flutter/src/widgets/framework.dart:2113:13)
#309    _InactiveElements._unmount.<anonymous closure> (package:flutter/src/widgets/framework.dart:2115:7)
#310    ComponentElement.visitChildren (package:flutter/src/widgets/framework.dart:5874:14)
#311    _InactiveElements._unmount (package:flutter/src/widgets/framework.dart:2113:13)
#312    _InactiveElements._unmount.<anonymous closure> (package:flutter/src/widgets/framework.dart:2115:7)
#313    ComponentElement.visitChildren (package:flutter/src/widgets/framework.dart:5874:14)
#314    _InactiveElements._unmount (package:flutter/src/widgets/framework.dart:2113:13)
#315    _InactiveElements._unmount.<anonymous closure> (package:flutter/src/widgets/framework.dart:2115:7)
#316    ComponentElement.visitChildren (package:flutter/src/widgets/framework.dart:5874:14)
#317    _InactiveElements._unmount (package:flutter/src/widgets/framework.dart:2113:13)
#318    _InactiveElements._unmount.<anonymous closure> (package:flutter/src/widgets/framework.dart:2115:7)
#319    SingleChildRenderObjectElement.visitChildren (package:flutter/src/widgets/framework.dart:7104:14)
#320    _InactiveElements._unmount (package:flutter/src/widgets/framework.dart:2113:13)
#321    _InactiveElements._unmount.<anonymous closure> (package:flutter/src/widgets/framework.dart:2115:7)
#322    ComponentElement.visitChildren (package:flutter/src/widgets/framework.dart:5874:14)
#323    _InactiveElements._unmount (package:flutter/src/widgets/framework.dart:2113:13)
#324    _InactiveElements._unmount.<anonymous closure> (package:flutter/src/widgets/framework.dart:2115:7)
#325    ComponentElement.visitChildren (package:flutter/src/widgets/framework.dart:5874:14)
#326    _InactiveElements._unmount (package:flutter/src/widgets/framework.dart:2113:13)
#327    _InactiveElements._unmount.<anonymous closure> (package:flutter/src/widgets/framework.dart:2115:7)
#328    ComponentElement.visitChildren (package:flutter/src/widgets/framework.dart:5874:14)
#329    _InactiveElements._unmount (package:flutter/src/widgets/framework.dart:2113:13)
#330    _InactiveElements._unmount.<anonymous closure> (package:flutter/src/widgets/framework.dart:2115:7)
#331    ComponentElement.visitChildren (package:flutter/src/widgets/framework.dart:5874:14)
#332    _InactiveElements._unmount (package:flutter/src/widgets/framework.dart:2113:13)
#333    _InactiveElements._unmount.<anonymous closure> (package:flutter/src/widgets/framework.dart:2115:7)
#334    ComponentElement.visitChildren (package:flutter/src/widgets/framework.dart:5874:14)
#335    _InactiveElements._unmount (package:flutter/src/widgets/framework.dart:2113:13)
#336    _InactiveElements._unmount.<anonymous closure> (package:flutter/src/widgets/framework.dart:2115:7)
#337    ComponentElement.visitChildren (package:flutter/src/widgets/framework.dart:5874:14)
#338    _InactiveElements._unmount (package:flutter/src/widgets/framework.dart:2113:13)
#339    _InactiveElements._unmount.<anonymous closure> (package:flutter/src/widgets/framework.dart:2115:7)
#340    ComponentElement.visitChildren (package:flutter/src/widgets/framework.dart:5874:14)
#341    _InactiveElements._unmount (package:flutter/src/widgets/framework.dart:2113:13)
#342    _InactiveElements._unmount.<anonymous closure> (package:flutter/src/widgets/framework.dart:2115:7)
#343    ComponentElement.visitChildren (package:flutter/src/widgets/framework.dart:5874:14)
#344    _InactiveElements._unmount (package:flutter/src/widgets/framework.dart:2113:13)
#345    _InactiveElements._unmount.<anonymous closure> (package:flutter/src/widgets/framework.dart:2115:7)
#346    ComponentElement.visitChildren (package:flutter/src/widgets/framework.dart:5874:14)
#347    _InactiveElements._unmount (package:flutter/src/widgets/framework.dart:2113:13)
#348    _InactiveElements._unmount.<anonymous closure> (package:flutter/src/widgets/framework.dart:2115:7)
#349    ComponentElement.visitChildren (package:flutter/src/widgets/framework.dart:5874:14)
#350    _InactiveElements._unmount (package:flutter/src/widgets/framework.dart:2113:13)
#351    _InactiveElements._unmount.<anonymous closure> (package:flutter/src/widgets/framework.dart:2115:7)
#352    ComponentElement.visitChildren (package:flutter/src/widgets/framework.dart:5874:14)
#353    _InactiveElements._unmount (package:flutter/src/widgets/framework.dart:2113:13)
#354    _InactiveElements._unmount.<anonymous closure> (package:flutter/src/widgets/framework.dart:2115:7)
#355    SingleChildRenderObjectElement.visitChildren (package:flutter/src/widgets/framework.dart:7104:14)
#356    _InactiveElements._unmount (package:flutter/src/widgets/framework.dart:2113:13)
#357    _InactiveElements._unmount.<anonymous closure> (package:flutter/src/widgets/framework.dart:2115:7)
#358    ComponentElement.visitChildren (package:flutter/src/widgets/framework.dart:5874:14)
#359    _InactiveElements._unmount (package:flutter/src/widgets/framework.dart:2113:13)
#360    _InactiveElements._unmount.<anonymous closure> (package:flutter/src/widgets/framework.dart:2115:7)
#361    ComponentElement.visitChildren (package:flutter/src/widgets/framework.dart:5874:14)
#362    _InactiveElements._unmount (package:flutter/src/widgets/framework.dart:2113:13)
#363    _InactiveElements._unmount.<anonymous closure> (package:flutter/src/widgets/framework.dart:2115:7)
#364    ComponentElement.visitChildren (package:flutter/src/widgets/framework.dart:5874:14)
#365    _InactiveElements._unmount (package:flutter/src/widgets/framework.dart:2113:13)
#366    _InactiveElements._unmount.<anonymous closure> (package:flutter/src/widgets/framework.dart:2115:7)
#367    ComponentElement.visitChildren (package:flutter/src/widgets/framework.dart:5874:14)
#368    _InactiveElements._unmount (package:flutter/src/widgets/framework.dart:2113:13)
#369    _InactiveElements._unmount.<anonymous closure> (package:flutter/src/widgets/framework.dart:2115:7)
#370    ComponentElement.visitChildren (package:flutter/src/widgets/framework.dart:5874:14)
#371    _InactiveElements._unmount (package:flutter/src/widgets/framework.dart:2113:13)
#372    ListIterable.forEach (dart:_internal/iterable.dart:49:13)
#373    _InactiveElements._unmountAll (package:flutter/src/widgets/framework.dart:2126:25)
#374    BuildOwner.lockState (package:flutter/src/widgets/framework.dart:3020:15)
#375    BuildOwner.finalizeTree (package:flutter/src/widgets/framework.dart:3344:7)
#376    AutomatedTestWidgetsFlutterBinding.drawFrame (package:flutter_test/src/binding.dart:1528:19)
#377    RendererBinding._handlePersistentFrameCallback (package:flutter/src/rendering/binding.dart:495:5)
#378    SchedulerBinding._invokeFrameCallback (package:flutter/src/scheduler/binding.dart:1434:15)
#379    SchedulerBinding.handleDrawFrame (package:flutter/src/scheduler/binding.dart:1347:9)
#380    AutomatedTestWidgetsFlutterBinding.scheduleWarmUpFrame (package:flutter_test/src/binding.dart:1432:5)
#381    _runWidget (package:flutter/src/widgets/binding.dart:1643:7)
#382    runApp (package:flutter/src/widgets/binding.dart:1576:3)
#383    TestWidgetsFlutterBinding._runTestBody (package:flutter_test/src/binding.dart:1047:5)
#386    TestWidgetsFlutterBinding._runTest (package:flutter_test/src/binding.dart:1033:10)
#387    AutomatedTestWidgetsFlutterBinding.runTest.<anonymous closure> (package:flutter_test/src/binding.dart:1564:24)
#388    FakeAsync.run.<anonymous closure>.<anonymous closure> (package:fake_async/fake_async.dart:182:47)
#393    withClock (package:clock/src/default.dart:52:10)
#394    FakeAsync.run.<anonymous closure> (package:fake_async/fake_async.dart:182:15)
#399    FakeAsync.run (package:fake_async/fake_async.dart:181:52)
#400    AutomatedTestWidgetsFlutterBinding.runTest (package:flutter_test/src/binding.dart:1561:15)
#401    testWidgets.<anonymous closure> (package:flutter_test/src/widget_tester.dart:184:24)
#402    Declarer.test.<anonymous closure>.<anonymous closure> (package:test_api/src/backend/declarer.dart:242:19)
<asynchronous suspension>
#403    Declarer.test.<anonymous closure> (package:test_api/src/backend/declarer.dart:240:7)
<asynchronous suspension>
#404    Invoker._waitForOutstandingCallbacks.<anonymous closure> (package:test_api/src/backend/invoker.dart:282:9)
<asynchronous suspension>
(elided 10 frames from dart:async)
ÔòÉÔòÉÔòÉÔòÉÔòÉÔòÉÔòÉÔòÉÔòÉÔòÉÔòÉÔòÉÔòÉÔòÉÔòÉÔòÉÔòÉÔòÉÔòÉÔòÉÔòÉÔòÉÔòÉÔòÉÔòÉÔòÉÔòÉÔòÉÔòÉÔòÉÔòÉÔòÉÔòÉÔòÉÔòÉÔòÉÔòÉÔòÉÔòÉÔòÉÔòÉÔòÉÔòÉÔòÉÔòÉÔòÉÔòÉÔòÉÔòÉÔòÉÔòÉÔòÉÔòÉÔòÉÔòÉÔòÉÔòÉÔòÉÔòÉÔòÉÔòÉÔòÉÔòÉÔòÉÔòÉÔòÉÔòÉÔòÉÔòÉÔòÉÔòÉÔòÉÔòÉÔòÉÔòÉÔòÉÔòÉÔòÉÔòÉÔòÉÔòÉÔòÉÔòÉÔòÉÔòÉÔòÉÔòÉÔòÉÔòÉÔòÉÔòÉÔòÉÔòÉÔòÉÔòÉÔòÉÔòÉÔòÉÔòÉÔòÉ
ÔòÉÔòÉÔòí EXCEPTION CAUGHT BY WIDGETS LIBRARY Ôò×ÔòÉÔòÉÔòÉÔòÉÔòÉÔòÉÔòÉÔòÉÔòÉÔòÉÔòÉÔòÉÔòÉÔòÉÔòÉÔòÉÔòÉÔòÉÔòÉÔòÉÔòÉÔòÉÔòÉÔòÉÔòÉÔòÉÔòÉÔòÉÔòÉÔòÉÔòÉÔòÉÔòÉÔòÉÔòÉÔòÉÔòÉÔòÉÔòÉÔòÉÔòÉÔòÉÔòÉÔòÉÔòÉÔòÉÔòÉÔòÉÔòÉÔòÉÔòÉÔòÉÔòÉÔòÉÔòÉÔòÉÔòÉÔòÉÔòÉ
The following StateError was thrown building _GuiaLoginView(dependencies: [InheritedCupertinoTheme,
_InheritedTheme, _LocalizationsScope-[GlobalKey#989a6]], state: _GuiaLoginViewState#5ae18):
Bad state: GetIt: Object/factory with type GuiaLoginCubit is not registered inside GetIt.
(Did you accidentally do GetIt sl=GetIt.instance(); instead of GetIt sl=GetIt.instance;
Did you forget to register it?)

The relevant error-causing widget was:
  _GuiaLoginView
  _GuiaLoginView:file:///C:/Users/HP/Documents/OthliAni/othliani/frontend/lib/features/guia/auth/presentation/screens/guia_login_screen.dart:15:20

When the exception was thrown, this was the stack:
#0      throwIfNot (package:get_it/get_it_impl.dart:14:19)
#1      _GetItImplementation._findRegistrationByNameAndType (package:get_it/get_it_impl.dart:682:5)
#2      _GetItImplementation._get (package:get_it/get_it_impl.dart:740:11)
#3      _GetItImplementation.get (package:get_it/get_it_impl.dart:707:12)
#4      _GetItImplementation.call (package:get_it/get_it_impl.dart:829:12)
#5      GuiaLoginScreen.build.<anonymous closure> (package:frontend/features/guia/auth/presentation/screens/guia_login_screen.dart:14:24)
#6      _CreateInheritedProviderState.value (package:provider/src/inherited_provider.dart:749:36)
#7      _InheritedProviderScopeElement.value (package:provider/src/inherited_provider.dart:603:33)
#8      Provider.of (package:provider/src/provider.dart:337:37)
#9      ReadContext.read (package:provider/src/provider.dart:683:21)
#10     _BlocListenerBaseState.initState (package:flutter_bloc/src/bloc_listener.dart:158:36)
#11     StatefulElement._firstBuild (package:flutter/src/widgets/framework.dart:5953:55)
#12     ComponentElement.mount (package:flutter/src/widgets/framework.dart:5796:5)
#13     SingleChildWidgetElementMixin.mount (package:nested/nested.dart:222:11)
...     Normal element mounting (15 frames)
#28     _InheritedProviderScopeElement.mount (package:provider/src/inherited_provider.dart:424:11)
...     Normal element mounting (7 frames)
#35     SingleChildWidgetElementMixin.mount (package:nested/nested.dart:222:11)
...     Normal element mounting (7 frames)
#42     SingleChildWidgetElementMixin.mount (package:nested/nested.dart:222:11)
...     Normal element mounting (266 frames)
#308    Element.inflateWidget (package:flutter/src/widgets/framework.dart:4590:20)
#309    MultiChildRenderObjectElement.inflateWidget (package:flutter/src/widgets/framework.dart:7269:36)
#310    MultiChildRenderObjectElement.mount (package:flutter/src/widgets/framework.dart:7285:32)
...     Normal element mounting (465 frames)
#775    Element.inflateWidget (package:flutter/src/widgets/framework.dart:4590:20)
#776    Element.updateChild (package:flutter/src/widgets/framework.dart:4053:20)
#777    ComponentElement.performRebuild (package:flutter/src/widgets/framework.dart:5844:16)
#778    Element.rebuild (package:flutter/src/widgets/framework.dart:5532:7)
#779    ProxyElement.update (package:flutter/src/widgets/framework.dart:6152:5)
#780    _InheritedNotifierElement.update (package:flutter/src/widgets/inherited_notifier.dart:108:11)
#781    Element.updateChild (package:flutter/src/widgets/framework.dart:4037:15)
#782    ComponentElement.performRebuild (package:flutter/src/widgets/framework.dart:5844:16)
#783    StatefulElement.performRebuild (package:flutter/src/widgets/framework.dart:5985:11)
#784    Element.rebuild (package:flutter/src/widgets/framework.dart:5532:7)
#785    StatefulElement.update (package:flutter/src/widgets/framework.dart:6010:5)
#786    Element.updateChild (package:flutter/src/widgets/framework.dart:4037:15)
#787    ComponentElement.performRebuild (package:flutter/src/widgets/framework.dart:5844:16)
#788    Element.rebuild (package:flutter/src/widgets/framework.dart:5532:7)
#789    ProxyElement.update (package:flutter/src/widgets/framework.dart:6152:5)
#790    _InheritedNotifierElement.update (package:flutter/src/widgets/inherited_notifier.dart:108:11)
#791    Element.updateChild (package:flutter/src/widgets/framework.dart:4037:15)
#792    ComponentElement.performRebuild (package:flutter/src/widgets/framework.dart:5844:16)
#793    StatefulElement.performRebuild (package:flutter/src/widgets/framework.dart:5985:11)
#794    Element.rebuild (package:flutter/src/widgets/framework.dart:5532:7)
#795    StatefulElement.update (package:flutter/src/widgets/framework.dart:6010:5)
#796    Element.updateChild (package:flutter/src/widgets/framework.dart:4037:15)
#797    ComponentElement.performRebuild (package:flutter/src/widgets/framework.dart:5844:16)
#798    StatefulElement.performRebuild (package:flutter/src/widgets/framework.dart:5985:11)
#799    Element.rebuild (package:flutter/src/widgets/framework.dart:5532:7)
#800    StatefulElement.update (package:flutter/src/widgets/framework.dart:6010:5)
#801    Element.updateChild (package:flutter/src/widgets/framework.dart:4037:15)
#802    ComponentElement.performRebuild (package:flutter/src/widgets/framework.dart:5844:16)
#803    Element.rebuild (package:flutter/src/widgets/framework.dart:5532:7)
#804    ProxyElement.update (package:flutter/src/widgets/framework.dart:6152:5)
#805    Element.updateChild (package:flutter/src/widgets/framework.dart:4037:15)
#806    ComponentElement.performRebuild (package:flutter/src/widgets/framework.dart:5844:16)
#807    StatefulElement.performRebuild (package:flutter/src/widgets/framework.dart:5985:11)
#808    Element.rebuild (package:flutter/src/widgets/framework.dart:5532:7)
#809    StatefulElement.update (package:flutter/src/widgets/framework.dart:6010:5)
#810    Element.updateChild (package:flutter/src/widgets/framework.dart:4037:15)
#811    ComponentElement.performRebuild (package:flutter/src/widgets/framework.dart:5844:16)
#812    Element.rebuild (package:flutter/src/widgets/framework.dart:5532:7)
#813    ProxyElement.update (package:flutter/src/widgets/framework.dart:6152:5)
#814    Element.updateChild (package:flutter/src/widgets/framework.dart:4037:15)
#815    ComponentElement.performRebuild (package:flutter/src/widgets/framework.dart:5844:16)
#816    Element.rebuild (package:flutter/src/widgets/framework.dart:5532:7)
#817    ProxyElement.update (package:flutter/src/widgets/framework.dart:6152:5)
#818    Element.updateChild (package:flutter/src/widgets/framework.dart:4037:15)
#819    _RawViewElement._updateChild (package:flutter/src/widgets/view.dart:481:16)
#820    _RawViewElement.update (package:flutter/src/widgets/view.dart:568:5)
#821    Element.updateChild (package:flutter/src/widgets/framework.dart:4037:15)
#822    ComponentElement.performRebuild (package:flutter/src/widgets/framework.dart:5844:16)
#823    Element.rebuild (package:flutter/src/widgets/framework.dart:5532:7)
#824    StatelessElement.update (package:flutter/src/widgets/framework.dart:5898:5)
#825    Element.updateChild (package:flutter/src/widgets/framework.dart:4037:15)
#826    ComponentElement.performRebuild (package:flutter/src/widgets/framework.dart:5844:16)
#827    StatefulElement.performRebuild (package:flutter/src/widgets/framework.dart:5985:11)
#828    Element.rebuild (package:flutter/src/widgets/framework.dart:5532:7)
#829    StatefulElement.update (package:flutter/src/widgets/framework.dart:6010:5)
#830    Element.updateChild (package:flutter/src/widgets/framework.dart:4037:15)
#831    RootElement._rebuild (package:flutter/src/widgets/binding.dart:1782:16)
#832    RootElement.update (package:flutter/src/widgets/binding.dart:1760:5)
#833    RootElement.performRebuild (package:flutter/src/widgets/binding.dart:1774:7)
#834    Element.rebuild (package:flutter/src/widgets/framework.dart:5532:7)
#835    BuildScope._tryRebuild (package:flutter/src/widgets/framework.dart:2750:15)
#836    BuildScope._flushDirtyElements (package:flutter/src/widgets/framework.dart:2807:11)
#837    BuildOwner.buildScope (package:flutter/src/widgets/framework.dart:3111:18)
#838    AutomatedTestWidgetsFlutterBinding.drawFrame (package:flutter_test/src/binding.dart:1506:19)
#839    RendererBinding._handlePersistentFrameCallback (package:flutter/src/rendering/binding.dart:495:5)
#840    SchedulerBinding._invokeFrameCallback (package:flutter/src/scheduler/binding.dart:1434:15)
#841    SchedulerBinding.handleDrawFrame (package:flutter/src/scheduler/binding.dart:1347:9)
#842    AutomatedTestWidgetsFlutterBinding.pump.<anonymous closure> (package:flutter_test/src/binding.dart:1335:9)
#845    TestAsyncUtils.guard (package:flutter_test/src/test_async_utils.dart:74:41)
#846    AutomatedTestWidgetsFlutterBinding.pump (package:flutter_test/src/binding.dart:1324:27)
#847    WidgetTester.pumpWidget.<anonymous closure> (package:flutter_test/src/widget_tester.dart:598:22)
#850    TestAsyncUtils.guard (package:flutter_test/src/test_async_utils.dart:74:41)
#851    WidgetTester.pumpWidget (package:flutter_test/src/widget_tester.dart:595:27)
#852    main.<anonymous closure>.<anonymous closure> (file:///C:/Users/HP/Documents/OthliAni/othliani/frontend/test/features/guia/auth/presentation/screens/guia_login_screen_test.dart:47:22)
#853    testWidgets.<anonymous closure>.<anonymous closure> (package:flutter_test/src/widget_tester.dart:192:29)
<asynchronous suspension>
#854    TestWidgetsFlutterBinding._runTestBody (package:flutter_test/src/binding.dart:1059:5)
<asynchronous suspension>
<asynchronous suspension>
(elided 5 frames from dart:async and package:stack_trace)

ÔòÉÔòÉÔòÉÔòÉÔòÉÔòÉÔòÉÔòÉÔòÉÔòÉÔòÉÔòÉÔòÉÔòÉÔòÉÔòÉÔòÉÔòÉÔòÉÔòÉÔòÉÔòÉÔòÉÔòÉÔòÉÔòÉÔòÉÔòÉÔòÉÔòÉÔòÉÔòÉÔòÉÔòÉÔòÉÔòÉÔòÉÔòÉÔòÉÔòÉÔòÉÔòÉÔòÉÔòÉÔòÉÔòÉÔòÉÔòÉÔòÉÔòÉÔòÉÔòÉÔòÉÔòÉÔòÉÔòÉÔòÉÔòÉÔòÉÔòÉÔòÉÔòÉÔòÉÔòÉÔòÉÔòÉÔòÉÔòÉÔòÉÔòÉÔòÉÔòÉÔòÉÔòÉÔòÉÔòÉÔòÉÔòÉÔòÉÔòÉÔòÉÔòÉÔòÉÔòÉÔòÉÔòÉÔòÉÔòÉÔòÉÔòÉÔòÉÔòÉÔòÉÔòÉÔòÉÔòÉÔòÉÔòÉÔòÉÔòÉ
ÔòÉÔòÉÔòí EXCEPTION CAUGHT BY FLUTTER TEST FRAMEWORK Ôò×ÔòÉÔòÉÔòÉÔòÉÔòÉÔòÉÔòÉÔòÉÔòÉÔòÉÔòÉÔòÉÔòÉÔòÉÔòÉÔòÉÔòÉÔòÉÔòÉÔòÉÔòÉÔòÉÔòÉÔòÉÔòÉÔòÉÔòÉÔòÉÔòÉÔòÉÔòÉÔòÉÔòÉÔòÉÔòÉÔòÉÔòÉÔòÉÔòÉÔòÉÔòÉÔòÉÔòÉÔòÉÔòÉÔòÉÔòÉÔòÉÔòÉÔòÉÔòÉÔòÉ
The following TestFailure was thrown running a test:
Expected: <2>
  Actual: <0>

When the exception was thrown, this was the stack:
#4      main.<anonymous closure>.<anonymous closure> (file:///C:/Users/HP/Documents/OthliAni/othliani/frontend/test/features/guia/auth/presentation/screens/guia_login_screen_test.dart:52:9)
<asynchronous suspension>
#5      testWidgets.<anonymous closure>.<anonymous closure> (package:flutter_test/src/widget_tester.dart:192:15)
<asynchronous suspension>
#6      TestWidgetsFlutterBinding._runTestBody (package:flutter_test/src/binding.dart:1059:5)
<asynchronous suspension>
<asynchronous suspension>
(elided one frame from package:stack_trace)

This was caught by the test expectation on the following line:
  file:///C:/Users/HP/Documents/OthliAni/othliani/frontend/test/features/guia/auth/presentation/screens/guia_login_screen_test.dart line 52
The test description was:
  Llama a login(email, password) al presionar el bot├│n Ingresar
ÔòÉÔòÉÔòÉÔòÉÔòÉÔòÉÔòÉÔòÉÔòÉÔòÉÔòÉÔòÉÔòÉÔòÉÔòÉÔòÉÔòÉÔòÉÔòÉÔòÉÔòÉÔòÉÔòÉÔòÉÔòÉÔòÉÔòÉÔòÉÔòÉÔòÉÔòÉÔòÉÔòÉÔòÉÔòÉÔòÉÔòÉÔòÉÔòÉÔòÉÔòÉÔòÉÔòÉÔòÉÔòÉÔòÉÔòÉÔòÉÔòÉÔòÉÔòÉÔòÉÔòÉÔòÉÔòÉÔòÉÔòÉÔòÉÔòÉÔòÉÔòÉÔòÉÔòÉÔòÉÔòÉÔòÉÔòÉÔòÉÔòÉÔòÉÔòÉÔòÉÔòÉÔòÉÔòÉÔòÉÔòÉÔòÉÔòÉÔòÉÔòÉÔòÉÔòÉÔòÉÔòÉÔòÉÔòÉÔòÉÔòÉÔòÉÔòÉÔòÉÔòÉÔòÉÔòÉÔòÉÔòÉÔòÉÔòÉÔòÉ
ÔòÉÔòÉÔòí EXCEPTION CAUGHT BY FLUTTER TEST FRAMEWORK Ôò×ÔòÉÔòÉÔòÉÔòÉÔòÉÔòÉÔòÉÔòÉÔòÉÔòÉÔòÉÔòÉÔòÉÔòÉÔòÉÔòÉÔòÉÔòÉÔòÉÔòÉÔòÉÔòÉÔòÉÔòÉÔòÉÔòÉÔòÉÔòÉÔòÉÔòÉÔòÉÔòÉÔòÉÔòÉÔòÉÔòÉÔòÉÔòÉÔòÉÔòÉÔòÉÔòÉÔòÉÔòÉÔòÉÔòÉÔòÉÔòÉÔòÉÔòÉÔòÉÔòÉ
The following message was thrown:
Multiple exceptions (3) were detected during the running of the current test, and at least one was
unexpected.
ÔòÉÔòÉÔòÉÔòÉÔòÉÔòÉÔòÉÔòÉÔòÉÔòÉÔòÉÔòÉÔòÉÔòÉÔòÉÔòÉÔòÉÔòÉÔòÉÔòÉÔòÉÔòÉÔòÉÔòÉÔòÉÔòÉÔòÉÔòÉÔòÉÔòÉÔòÉÔòÉÔòÉÔòÉÔòÉÔòÉÔòÉÔòÉÔòÉÔòÉÔòÉÔòÉÔòÉÔòÉÔòÉÔòÉÔòÉÔòÉÔòÉÔòÉÔòÉÔòÉÔòÉÔòÉÔòÉÔòÉÔòÉÔòÉÔòÉÔòÉÔòÉÔòÉÔòÉÔòÉÔòÉÔòÉÔòÉÔòÉÔòÉÔòÉÔòÉÔòÉÔòÉÔòÉÔòÉÔòÉÔòÉÔòÉÔòÉÔòÉÔòÉÔòÉÔòÉÔòÉÔòÉÔòÉÔòÉÔòÉÔòÉÔòÉÔòÉÔòÉÔòÉÔòÉÔòÉÔòÉÔòÉÔòÉÔòÉÔòÉ
00:01 +0 -2: GuiaLoginScreen (Widget Test) Llama a login(email, password) al presionar el bot├│n Ingresar [E]
  Test failed. See exception logs above.
  The test description was: Llama a login(email, password) al presionar el bot├│n Ingresar
  
00:01 +0 -2: GuiaLoginScreen (Widget Test) Muestra un CircularProgressIndicator cuando el estado es Loading
ÔòÉÔòÉÔòí EXCEPTION CAUGHT BY WIDGETS LIBRARY Ôò×ÔòÉÔòÉÔòÉÔòÉÔòÉÔòÉÔòÉÔòÉÔòÉÔòÉÔòÉÔòÉÔòÉÔòÉÔòÉÔòÉÔòÉÔòÉÔòÉÔòÉÔòÉÔòÉÔòÉÔòÉÔòÉÔòÉÔòÉÔòÉÔòÉÔòÉÔòÉÔòÉÔòÉÔòÉÔòÉÔòÉÔòÉÔòÉÔòÉÔòÉÔòÉÔòÉÔòÉÔòÉÔòÉÔòÉÔòÉÔòÉÔòÉÔòÉÔòÉÔòÉÔòÉÔòÉÔòÉÔòÉÔòÉÔòÉÔòÉ
The following _TypeError was thrown while finalizing the widget tree:
type 'Null' is not a subtype of type 'GuiaLoginCubit' in type cast

When the exception was thrown, this was the stack:
#0      _CreateInheritedProviderState.dispose (package:provider/src/inherited_provider.dart:810:47)
#1      _InheritedProviderScopeElement.unmount (package:provider/src/inherited_provider.dart:572:20)
#2      _InactiveElements._unmount (package:flutter/src/widgets/framework.dart:2117:13)
#3      _InactiveElements._unmount.<anonymous closure> (package:flutter/src/widgets/framework.dart:2115:7)
#4      ComponentElement.visitChildren (package:flutter/src/widgets/framework.dart:5874:14)
#5      _InactiveElements._unmount (package:flutter/src/widgets/framework.dart:2113:13)
#6      _InactiveElements._unmount.<anonymous closure> (package:flutter/src/widgets/framework.dart:2115:7)
#7      ComponentElement.visitChildren (package:flutter/src/widgets/framework.dart:5874:14)
#8      _InactiveElements._unmount (package:flutter/src/widgets/framework.dart:2113:13)
#9      _InactiveElements._unmount.<anonymous closure> (package:flutter/src/widgets/framework.dart:2115:7)
#10     ComponentElement.visitChildren (package:flutter/src/widgets/framework.dart:5874:14)
#11     _InactiveElements._unmount (package:flutter/src/widgets/framework.dart:2113:13)
#12     _InactiveElements._unmount.<anonymous closure> (package:flutter/src/widgets/framework.dart:2115:7)
#13     SingleChildRenderObjectElement.visitChildren (package:flutter/src/widgets/framework.dart:7104:14)
#14     _InactiveElements._unmount (package:flutter/src/widgets/framework.dart:2113:13)
#15     _InactiveElements._unmount.<anonymous closure> (package:flutter/src/widgets/framework.dart:2115:7)
#16     ComponentElement.visitChildren (package:flutter/src/widgets/framework.dart:5874:14)
#17     _InactiveElements._unmount (package:flutter/src/widgets/framework.dart:2113:13)
#18     _InactiveElements._unmount.<anonymous closure> (package:flutter/src/widgets/framework.dart:2115:7)
#19     SingleChildRenderObjectElement.visitChildren (package:flutter/src/widgets/framework.dart:7104:14)
#20     _InactiveElements._unmount (package:flutter/src/widgets/framework.dart:2113:13)
#21     _InactiveElements._unmount.<anonymous closure> (package:flutter/src/widgets/framework.dart:2115:7)
#22     SingleChildRenderObjectElement.visitChildren (package:flutter/src/widgets/framework.dart:7104:14)
#23     _InactiveElements._unmount (package:flutter/src/widgets/framework.dart:2113:13)
#24     _InactiveElements._unmount.<anonymous closure> (package:flutter/src/widgets/framework.dart:2115:7)
#25     ComponentElement.visitChildren (package:flutter/src/widgets/framework.dart:5874:14)
#26     _InactiveElements._unmount (package:flutter/src/widgets/framework.dart:2113:13)
#27     _InactiveElements._unmount.<anonymous closure> (package:flutter/src/widgets/framework.dart:2115:7)
#28     SingleChildRenderObjectElement.visitChildren (package:flutter/src/widgets/framework.dart:7104:14)
#29     _InactiveElements._unmount (package:flutter/src/widgets/framework.dart:2113:13)
#30     _InactiveElements._unmount.<anonymous closure> (package:flutter/src/widgets/framework.dart:2115:7)
#31     ComponentElement.visitChildren (package:flutter/src/widgets/framework.dart:5874:14)
#32     _InactiveElements._unmount (package:flutter/src/widgets/framework.dart:2113:13)
#33     _InactiveElements._unmount.<anonymous closure> (package:flutter/src/widgets/framework.dart:2115:7)
#34     SingleChildRenderObjectElement.visitChildren (package:flutter/src/widgets/framework.dart:7104:14)
#35     _InactiveElements._unmount (package:flutter/src/widgets/framework.dart:2113:13)
#36     _InactiveElements._unmount.<anonymous closure> (package:flutter/src/widgets/framework.dart:2115:7)
#37     SingleChildRenderObjectElement.visitChildren (package:flutter/src/widgets/framework.dart:7104:14)
#38     _InactiveElements._unmount (package:flutter/src/widgets/framework.dart:2113:13)
#39     _InactiveElements._unmount.<anonymous closure> (package:flutter/src/widgets/framework.dart:2115:7)
#40     ComponentElement.visitChildren (package:flutter/src/widgets/framework.dart:5874:14)
#41     _InactiveElements._unmount (package:flutter/src/widgets/framework.dart:2113:13)
#42     _InactiveElements._unmount.<anonymous closure> (package:flutter/src/widgets/framework.dart:2115:7)
#43     SingleChildRenderObjectElement.visitChildren (package:flutter/src/widgets/framework.dart:7104:14)
#44     _InactiveElements._unmount (package:flutter/src/widgets/framework.dart:2113:13)
#45     _InactiveElements._unmount.<anonymous closure> (package:flutter/src/widgets/framework.dart:2115:7)
#46     ComponentElement.visitChildren (package:flutter/src/widgets/framework.dart:5874:14)
#47     _InactiveElements._unmount (package:flutter/src/widgets/framework.dart:2113:13)
#48     _InactiveElements._unmount.<anonymous closure> (package:flutter/src/widgets/framework.dart:2115:7)
#49     SingleChildRenderObjectElement.visitChildren (package:flutter/src/widgets/framework.dart:7104:14)
#50     _InactiveElements._unmount (package:flutter/src/widgets/framework.dart:2113:13)
#51     _InactiveElements._unmount.<anonymous closure> (package:flutter/src/widgets/framework.dart:2115:7)
#52     SingleChildRenderObjectElement.visitChildren (package:flutter/src/widgets/framework.dart:7104:14)
#53     _InactiveElements._unmount (package:flutter/src/widgets/framework.dart:2113:13)
#54     _InactiveElements._unmount.<anonymous closure> (package:flutter/src/widgets/framework.dart:2115:7)
#55     ComponentElement.visitChildren (package:flutter/src/widgets/framework.dart:5874:14)
#56     _InactiveElements._unmount (package:flutter/src/widgets/framework.dart:2113:13)
#57     _InactiveElements._unmount.<anonymous closure> (package:flutter/src/widgets/framework.dart:2115:7)
#58     SingleChildRenderObjectElement.visitChildren (package:flutter/src/widgets/framework.dart:7104:14)
#59     _InactiveElements._unmount (package:flutter/src/widgets/framework.dart:2113:13)
#60     _InactiveElements._unmount.<anonymous closure> (package:flutter/src/widgets/framework.dart:2115:7)
#61     SingleChildRenderObjectElement.visitChildren (package:flutter/src/widgets/framework.dart:7104:14)
#62     _InactiveElements._unmount (package:flutter/src/widgets/framework.dart:2113:13)
#63     _InactiveElements._unmount.<anonymous closure> (package:flutter/src/widgets/framework.dart:2115:7)
#64     SingleChildRenderObjectElement.visitChildren (package:flutter/src/widgets/framework.dart:7104:14)
#65     _InactiveElements._unmount (package:flutter/src/widgets/framework.dart:2113:13)
#66     _InactiveElements._unmount.<anonymous closure> (package:flutter/src/widgets/framework.dart:2115:7)
#67     ComponentElement.visitChildren (package:flutter/src/widgets/framework.dart:5874:14)
#68     _InactiveElements._unmount (package:flutter/src/widgets/framework.dart:2113:13)
#69     _InactiveElements._unmount.<anonymous closure> (package:flutter/src/widgets/framework.dart:2115:7)
#70     SingleChildRenderObjectElement.visitChildren (package:flutter/src/widgets/framework.dart:7104:14)
#71     _InactiveElements._unmount (package:flutter/src/widgets/framework.dart:2113:13)
#72     _InactiveElements._unmount.<anonymous closure> (package:flutter/src/widgets/framework.dart:2115:7)
#73     ComponentElement.visitChildren (package:flutter/src/widgets/framework.dart:5874:14)
#74     _InactiveElements._unmount (package:flutter/src/widgets/framework.dart:2113:13)
#75     _InactiveElements._unmount.<anonymous closure> (package:flutter/src/widgets/framework.dart:2115:7)
#76     ComponentElement.visitChildren (package:flutter/src/widgets/framework.dart:5874:14)
#77     _InactiveElements._unmount (package:flutter/src/widgets/framework.dart:2113:13)
#78     _InactiveElements._unmount.<anonymous closure> (package:flutter/src/widgets/framework.dart:2115:7)
#79     ComponentElement.visitChildren (package:flutter/src/widgets/framework.dart:5874:14)
#80     _InactiveElements._unmount (package:flutter/src/widgets/framework.dart:2113:13)
#81     _InactiveElements._unmount.<anonymous closure> (package:flutter/src/widgets/framework.dart:2115:7)
#82     ComponentElement.visitChildren (package:flutter/src/widgets/framework.dart:5874:14)
#83     _InactiveElements._unmount (package:flutter/src/widgets/framework.dart:2113:13)
#84     _InactiveElements._unmount.<anonymous closure> (package:flutter/src/widgets/framework.dart:2115:7)
#85     ComponentElement.visitChildren (package:flutter/src/widgets/framework.dart:5874:14)
#86     _InactiveElements._unmount (package:flutter/src/widgets/framework.dart:2113:13)
#87     _InactiveElements._unmount.<anonymous closure> (package:flutter/src/widgets/framework.dart:2115:7)
#88     SingleChildRenderObjectElement.visitChildren (package:flutter/src/widgets/framework.dart:7104:14)
#89     _InactiveElements._unmount (package:flutter/src/widgets/framework.dart:2113:13)
#90     _InactiveElements._unmount.<anonymous closure> (package:flutter/src/widgets/framework.dart:2115:7)
#91     ComponentElement.visitChildren (package:flutter/src/widgets/framework.dart:5874:14)
#92     _InactiveElements._unmount (package:flutter/src/widgets/framework.dart:2113:13)
#93     _InactiveElements._unmount.<anonymous closure> (package:flutter/src/widgets/framework.dart:2115:7)
#94     SingleChildRenderObjectElement.visitChildren (package:flutter/src/widgets/framework.dart:7104:14)
#95     _InactiveElements._unmount (package:flutter/src/widgets/framework.dart:2113:13)
#96     _InactiveElements._unmount.<anonymous closure> (package:flutter/src/widgets/framework.dart:2115:7)
#97     ComponentElement.visitChildren (package:flutter/src/widgets/framework.dart:5874:14)
#98     _InactiveElements._unmount (package:flutter/src/widgets/framework.dart:2113:13)
#99     _InactiveElements._unmount.<anonymous closure> (package:flutter/src/widgets/framework.dart:2115:7)
#100    ComponentElement.visitChildren (package:flutter/src/widgets/framework.dart:5874:14)
#101    _InactiveElements._unmount (package:flutter/src/widgets/framework.dart:2113:13)
#102    _InactiveElements._unmount.<anonymous closure> (package:flutter/src/widgets/framework.dart:2115:7)
#103    ComponentElement.visitChildren (package:flutter/src/widgets/framework.dart:5874:14)
#104    _InactiveElements._unmount (package:flutter/src/widgets/framework.dart:2113:13)
#105    _InactiveElements._unmount.<anonymous closure> (package:flutter/src/widgets/framework.dart:2115:7)
#106    ComponentElement.visitChildren (package:flutter/src/widgets/framework.dart:5874:14)
#107    _InactiveElements._unmount (package:flutter/src/widgets/framework.dart:2113:13)
#108    _InactiveElements._unmount.<anonymous closure> (package:flutter/src/widgets/framework.dart:2115:7)
#109    ComponentElement.visitChildren (package:flutter/src/widgets/framework.dart:5874:14)
#110    _InactiveElements._unmount (package:flutter/src/widgets/framework.dart:2113:13)
#111    _InactiveElements._unmount.<anonymous closure> (package:flutter/src/widgets/framework.dart:2115:7)
#112    ComponentElement.visitChildren (package:flutter/src/widgets/framework.dart:5874:14)
#113    _InactiveElements._unmount (package:flutter/src/widgets/framework.dart:2113:13)
#114    _InactiveElements._unmount.<anonymous closure> (package:flutter/src/widgets/framework.dart:2115:7)
#115    SingleChildRenderObjectElement.visitChildren (package:flutter/src/widgets/framework.dart:7104:14)
#116    _InactiveElements._unmount (package:flutter/src/widgets/framework.dart:2113:13)
#117    _InactiveElements._unmount.<anonymous closure> (package:flutter/src/widgets/framework.dart:2115:7)
#118    ComponentElement.visitChildren (package:flutter/src/widgets/framework.dart:5874:14)
#119    _InactiveElements._unmount (package:flutter/src/widgets/framework.dart:2113:13)
#120    _InactiveElements._unmount.<anonymous closure> (package:flutter/src/widgets/framework.dart:2115:7)
#121    ComponentElement.visitChildren (package:flutter/src/widgets/framework.dart:5874:14)
#122    _InactiveElements._unmount (package:flutter/src/widgets/framework.dart:2113:13)
#123    _InactiveElements._unmount.<anonymous closure> (package:flutter/src/widgets/framework.dart:2115:7)
#124    ComponentElement.visitChildren (package:flutter/src/widgets/framework.dart:5874:14)
#125    _InactiveElements._unmount (package:flutter/src/widgets/framework.dart:2113:13)
#126    _InactiveElements._unmount.<anonymous closure> (package:flutter/src/widgets/framework.dart:2115:7)
#127    ComponentElement.visitChildren (package:flutter/src/widgets/framework.dart:5874:14)
#128    _InactiveElements._unmount (package:flutter/src/widgets/framework.dart:2113:13)
#129    _InactiveElements._unmount.<anonymous closure> (package:flutter/src/widgets/framework.dart:2115:7)
#130    ComponentElement.visitChildren (package:flutter/src/widgets/framework.dart:5874:14)
#131    _InactiveElements._unmount (package:flutter/src/widgets/framework.dart:2113:13)
#132    _InactiveElements._unmount.<anonymous closure> (package:flutter/src/widgets/framework.dart:2115:7)
#133    SingleChildRenderObjectElement.visitChildren (package:flutter/src/widgets/framework.dart:7104:14)
#134    _InactiveElements._unmount (package:flutter/src/widgets/framework.dart:2113:13)
#135    _InactiveElements._unmount.<anonymous closure> (package:flutter/src/widgets/framework.dart:2115:7)
#136    ComponentElement.visitChildren (package:flutter/src/widgets/framework.dart:5874:14)
#137    _InactiveElements._unmount (package:flutter/src/widgets/framework.dart:2113:13)
#138    _InactiveElements._unmount.<anonymous closure> (package:flutter/src/widgets/framework.dart:2115:7)
#139    ComponentElement.visitChildren (package:flutter/src/widgets/framework.dart:5874:14)
#140    _InactiveElements._unmount (package:flutter/src/widgets/framework.dart:2113:13)
#141    _InactiveElements._unmount.<anonymous closure> (package:flutter/src/widgets/framework.dart:2115:7)
#142    ComponentElement.visitChildren (package:flutter/src/widgets/framework.dart:5874:14)
#143    _InactiveElements._unmount (package:flutter/src/widgets/framework.dart:2113:13)
#144    _InactiveElements._unmount.<anonymous closure> (package:flutter/src/widgets/framework.dart:2115:7)
#145    ComponentElement.visitChildren (package:flutter/src/widgets/framework.dart:5874:14)
#146    _InactiveElements._unmount (package:flutter/src/widgets/framework.dart:2113:13)
#147    _InactiveElements._unmount.<anonymous closure> (package:flutter/src/widgets/framework.dart:2115:7)
#148    ComponentElement.visitChildren (package:flutter/src/widgets/framework.dart:5874:14)
#149    _InactiveElements._unmount (package:flutter/src/widgets/framework.dart:2113:13)
#150    _InactiveElements._unmount.<anonymous closure> (package:flutter/src/widgets/framework.dart:2115:7)
#151    MultiChildRenderObjectElement.visitChildren (package:flutter/src/widgets/framework.dart:7228:16)
#152    _InactiveElements._unmount (package:flutter/src/widgets/framework.dart:2113:13)
#153    _InactiveElements._unmount.<anonymous closure> (package:flutter/src/widgets/framework.dart:2115:7)
#154    ComponentElement.visitChildren (package:flutter/src/widgets/framework.dart:5874:14)
#155    _InactiveElements._unmount (package:flutter/src/widgets/framework.dart:2113:13)
#156    _InactiveElements._unmount.<anonymous closure> (package:flutter/src/widgets/framework.dart:2115:7)
#157    ComponentElement.visitChildren (package:flutter/src/widgets/framework.dart:5874:14)
#158    _InactiveElements._unmount (package:flutter/src/widgets/framework.dart:2113:13)
#159    _InactiveElements._unmount.<anonymous closure> (package:flutter/src/widgets/framework.dart:2115:7)
#160    ComponentElement.visitChildren (package:flutter/src/widgets/framework.dart:5874:14)
#161    _InactiveElements._unmount (package:flutter/src/widgets/framework.dart:2113:13)
#162    _InactiveElements._unmount.<anonymous closure> (package:flutter/src/widgets/framework.dart:2115:7)
#163    ComponentElement.visitChildren (package:flutter/src/widgets/framework.dart:5874:14)
#164    _InactiveElements._unmount (package:flutter/src/widgets/framework.dart:2113:13)
#165    _InactiveElements._unmount.<anonymous closure> (package:flutter/src/widgets/framework.dart:2115:7)
#166    ComponentElement.visitChildren (package:flutter/src/widgets/framework.dart:5874:14)
#167    _InactiveElements._unmount (package:flutter/src/widgets/framework.dart:2113:13)
#168    _InactiveElements._unmount.<anonymous closure> (package:flutter/src/widgets/framework.dart:2115:7)
#169    ComponentElement.visitChildren (package:flutter/src/widgets/framework.dart:5874:14)
#170    _InactiveElements._unmount (package:flutter/src/widgets/framework.dart:2113:13)
#171    _InactiveElements._unmount.<anonymous closure> (package:flutter/src/widgets/framework.dart:2115:7)
#172    ComponentElement.visitChildren (package:flutter/src/widgets/framework.dart:5874:14)
#173    _InactiveElements._unmount (package:flutter/src/widgets/framework.dart:2113:13)
#174    _InactiveElements._unmount.<anonymous closure> (package:flutter/src/widgets/framework.dart:2115:7)
#175    SingleChildRenderObjectElement.visitChildren (package:flutter/src/widgets/framework.dart:7104:14)
#176    _InactiveElements._unmount (package:flutter/src/widgets/framework.dart:2113:13)
#177    _InactiveElements._unmount.<anonymous closure> (package:flutter/src/widgets/framework.dart:2115:7)
#178    SingleChildRenderObjectElement.visitChildren (package:flutter/src/widgets/framework.dart:7104:14)
#179    _InactiveElements._unmount (package:flutter/src/widgets/framework.dart:2113:13)
#180    _InactiveElements._unmount.<anonymous closure> (package:flutter/src/widgets/framework.dart:2115:7)
#181    ComponentElement.visitChildren (package:flutter/src/widgets/framework.dart:5874:14)
#182    _InactiveElements._unmount (package:flutter/src/widgets/framework.dart:2113:13)
#183    _InactiveElements._unmount.<anonymous closure> (package:flutter/src/widgets/framework.dart:2115:7)
#184    ComponentElement.visitChildren (package:flutter/src/widgets/framework.dart:5874:14)
#185    _InactiveElements._unmount (package:flutter/src/widgets/framework.dart:2113:13)
#186    _InactiveElements._unmount.<anonymous closure> (package:flutter/src/widgets/framework.dart:2115:7)
#187    ComponentElement.visitChildren (package:flutter/src/widgets/framework.dart:5874:14)
#188    _InactiveElements._unmount (package:flutter/src/widgets/framework.dart:2113:13)
#189    _InactiveElements._unmount.<anonymous closure> (package:flutter/src/widgets/framework.dart:2115:7)
#190    ComponentElement.visitChildren (package:flutter/src/widgets/framework.dart:5874:14)
#191    _InactiveElements._unmount (package:flutter/src/widgets/framework.dart:2113:13)
#192    _InactiveElements._unmount.<anonymous closure> (package:flutter/src/widgets/framework.dart:2115:7)
#193    SingleChildRenderObjectElement.visitChildren (package:flutter/src/widgets/framework.dart:7104:14)
#194    _InactiveElements._unmount (package:flutter/src/widgets/framework.dart:2113:13)
#195    _InactiveElements._unmount.<anonymous closure> (package:flutter/src/widgets/framework.dart:2115:7)
#196    ComponentElement.visitChildren (package:flutter/src/widgets/framework.dart:5874:14)
#197    _InactiveElements._unmount (package:flutter/src/widgets/framework.dart:2113:13)
#198    _InactiveElements._unmount.<anonymous closure> (package:flutter/src/widgets/framework.dart:2115:7)
#199    ComponentElement.visitChildren (package:flutter/src/widgets/framework.dart:5874:14)
#200    _InactiveElements._unmount (package:flutter/src/widgets/framework.dart:2113:13)
#201    _InactiveElements._unmount.<anonymous closure> (package:flutter/src/widgets/framework.dart:2115:7)
#202    ComponentElement.visitChildren (package:flutter/src/widgets/framework.dart:5874:14)
#203    _InactiveElements._unmount (package:flutter/src/widgets/framework.dart:2113:13)
#204    _InactiveElements._unmount.<anonymous closure> (package:flutter/src/widgets/framework.dart:2115:7)
#205    ComponentElement.visitChildren (package:flutter/src/widgets/framework.dart:5874:14)
#206    _InactiveElements._unmount (package:flutter/src/widgets/framework.dart:2113:13)
#207    _InactiveElements._unmount.<anonymous closure> (package:flutter/src/widgets/framework.dart:2115:7)
#208    ComponentElement.visitChildren (package:flutter/src/widgets/framework.dart:5874:14)
#209    _InactiveElements._unmount (package:flutter/src/widgets/framework.dart:2113:13)
#210    _InactiveElements._unmount.<anonymous closure> (package:flutter/src/widgets/framework.dart:2115:7)
#211    ComponentElement.visitChildren (package:flutter/src/widgets/framework.dart:5874:14)
#212    _InactiveElements._unmount (package:flutter/src/widgets/framework.dart:2113:13)
#213    _InactiveElements._unmount.<anonymous closure> (package:flutter/src/widgets/framework.dart:2115:7)
#214    ComponentElement.visitChildren (package:flutter/src/widgets/framework.dart:5874:14)
#215    _InactiveElements._unmount (package:flutter/src/widgets/framework.dart:2113:13)
#216    _InactiveElements._unmount.<anonymous closure> (package:flutter/src/widgets/framework.dart:2115:7)
#217    ComponentElement.visitChildren (package:flutter/src/widgets/framework.dart:5874:14)
#218    _InactiveElements._unmount (package:flutter/src/widgets/framework.dart:2113:13)
#219    _InactiveElements._unmount.<anonymous closure> (package:flutter/src/widgets/framework.dart:2115:7)
#220    ComponentElement.visitChildren (package:flutter/src/widgets/framework.dart:5874:14)
#221    _InactiveElements._unmount (package:flutter/src/widgets/framework.dart:2113:13)
#222    _InactiveElements._unmount.<anonymous closure> (package:flutter/src/widgets/framework.dart:2115:7)
#223    ComponentElement.visitChildren (package:flutter/src/widgets/framework.dart:5874:14)
#224    _InactiveElements._unmount (package:flutter/src/widgets/framework.dart:2113:13)
#225    _InactiveElements._unmount.<anonymous closure> (package:flutter/src/widgets/framework.dart:2115:7)
#226    ComponentElement.visitChildren (package:flutter/src/widgets/framework.dart:5874:14)
#227    _InactiveElements._unmount (package:flutter/src/widgets/framework.dart:2113:13)
#228    _InactiveElements._unmount.<anonymous closure> (package:flutter/src/widgets/framework.dart:2115:7)
#229    ComponentElement.visitChildren (package:flutter/src/widgets/framework.dart:5874:14)
#230    _InactiveElements._unmount (package:flutter/src/widgets/framework.dart:2113:13)
#231    _InactiveElements._unmount.<anonymous closure> (package:flutter/src/widgets/framework.dart:2115:7)
#232    ComponentElement.visitChildren (package:flutter/src/widgets/framework.dart:5874:14)
#233    _InactiveElements._unmount (package:flutter/src/widgets/framework.dart:2113:13)
#234    _InactiveElements._unmount.<anonymous closure> (package:flutter/src/widgets/framework.dart:2115:7)
#235    ComponentElement.visitChildren (package:flutter/src/widgets/framework.dart:5874:14)
#236    _InactiveElements._unmount (package:flutter/src/widgets/framework.dart:2113:13)
#237    _InactiveElements._unmount.<anonymous closure> (package:flutter/src/widgets/framework.dart:2115:7)
#238    ComponentElement.visitChildren (package:flutter/src/widgets/framework.dart:5874:14)
#239    _InactiveElements._unmount (package:flutter/src/widgets/framework.dart:2113:13)
#240    _InactiveElements._unmount.<anonymous closure> (package:flutter/src/widgets/framework.dart:2115:7)
#241    SingleChildRenderObjectElement.visitChildren (package:flutter/src/widgets/framework.dart:7104:14)
#242    _InactiveElements._unmount (package:flutter/src/widgets/framework.dart:2113:13)
#243    _InactiveElements._unmount.<anonymous closure> (package:flutter/src/widgets/framework.dart:2115:7)
#244    ComponentElement.visitChildren (package:flutter/src/widgets/framework.dart:5874:14)
#245    _InactiveElements._unmount (package:flutter/src/widgets/framework.dart:2113:13)
#246    _InactiveElements._unmount.<anonymous closure> (package:flutter/src/widgets/framework.dart:2115:7)
#247    ComponentElement.visitChildren (package:flutter/src/widgets/framework.dart:5874:14)
#248    _InactiveElements._unmount (package:flutter/src/widgets/framework.dart:2113:13)
#249    _InactiveElements._unmount.<anonymous closure> (package:flutter/src/widgets/framework.dart:2115:7)
#250    ComponentElement.visitChildren (package:flutter/src/widgets/framework.dart:5874:14)
#251    _InactiveElements._unmount (package:flutter/src/widgets/framework.dart:2113:13)
#252    _InactiveElements._unmount.<anonymous closure> (package:flutter/src/widgets/framework.dart:2115:7)
#253    ComponentElement.visitChildren (package:flutter/src/widgets/framework.dart:5874:14)
#254    _InactiveElements._unmount (package:flutter/src/widgets/framework.dart:2113:13)
#255    _InactiveElements._unmount.<anonymous closure> (package:flutter/src/widgets/framework.dart:2115:7)
#256    ComponentElement.visitChildren (package:flutter/src/widgets/framework.dart:5874:14)
#257    _InactiveElements._unmount (package:flutter/src/widgets/framework.dart:2113:13)
#258    _InactiveElements._unmount.<anonymous closure> (package:flutter/src/widgets/framework.dart:2115:7)
#259    SingleChildRenderObjectElement.visitChildren (package:flutter/src/widgets/framework.dart:7104:14)
#260    _InactiveElements._unmount (package:flutter/src/widgets/framework.dart:2113:13)
#261    _InactiveElements._unmount.<anonymous closure> (package:flutter/src/widgets/framework.dart:2115:7)
#262    ComponentElement.visitChildren (package:flutter/src/widgets/framework.dart:5874:14)
#263    _InactiveElements._unmount (package:flutter/src/widgets/framework.dart:2113:13)
#264    _InactiveElements._unmount.<anonymous closure> (package:flutter/src/widgets/framework.dart:2115:7)
#265    ComponentElement.visitChildren (package:flutter/src/widgets/framework.dart:5874:14)
#266    _InactiveElements._unmount (package:flutter/src/widgets/framework.dart:2113:13)
#267    _InactiveElements._unmount.<anonymous closure> (package:flutter/src/widgets/framework.dart:2115:7)
#268    SingleChildRenderObjectElement.visitChildren (package:flutter/src/widgets/framework.dart:7104:14)
#269    _InactiveElements._unmount (package:flutter/src/widgets/framework.dart:2113:13)
#270    _InactiveElements._unmount.<anonymous closure> (package:flutter/src/widgets/framework.dart:2115:7)
#271    ComponentElement.visitChildren (package:flutter/src/widgets/framework.dart:5874:14)
#272    _InactiveElements._unmount (package:flutter/src/widgets/framework.dart:2113:13)
#273    _InactiveElements._unmount.<anonymous closure> (package:flutter/src/widgets/framework.dart:2115:7)
#274    ComponentElement.visitChildren (package:flutter/src/widgets/framework.dart:5874:14)
#275    _InactiveElements._unmount (package:flutter/src/widgets/framework.dart:2113:13)
#276    _InactiveElements._unmount.<anonymous closure> (package:flutter/src/widgets/framework.dart:2115:7)
#277    ComponentElement.visitChildren (package:flutter/src/widgets/framework.dart:5874:14)
#278    _InactiveElements._unmount (package:flutter/src/widgets/framework.dart:2113:13)
#279    _InactiveElements._unmount.<anonymous closure> (package:flutter/src/widgets/framework.dart:2115:7)
#280    ComponentElement.visitChildren (package:flutter/src/widgets/framework.dart:5874:14)
#281    _InactiveElements._unmount (package:flutter/src/widgets/framework.dart:2113:13)
#282    _InactiveElements._unmount.<anonymous closure> (package:flutter/src/widgets/framework.dart:2115:7)
#283    ComponentElement.visitChildren (package:flutter/src/widgets/framework.dart:5874:14)
#284    _InactiveElements._unmount (package:flutter/src/widgets/framework.dart:2113:13)
#285    _InactiveElements._unmount.<anonymous closure> (package:flutter/src/widgets/framework.dart:2115:7)
#286    SingleChildRenderObjectElement.visitChildren (package:flutter/src/widgets/framework.dart:7104:14)
#287    _InactiveElements._unmount (package:flutter/src/widgets/framework.dart:2113:13)
#288    _InactiveElements._unmount.<anonymous closure> (package:flutter/src/widgets/framework.dart:2115:7)
#289    ComponentElement.visitChildren (package:flutter/src/widgets/framework.dart:5874:14)
#290    _InactiveElements._unmount (package:flutter/src/widgets/framework.dart:2113:13)
#291    _InactiveElements._unmount.<anonymous closure> (package:flutter/src/widgets/framework.dart:2115:7)
#292    ComponentElement.visitChildren (package:flutter/src/widgets/framework.dart:5874:14)
#293    _InactiveElements._unmount (package:flutter/src/widgets/framework.dart:2113:13)
#294    _InactiveElements._unmount.<anonymous closure> (package:flutter/src/widgets/framework.dart:2115:7)
#295    ComponentElement.visitChildren (package:flutter/src/widgets/framework.dart:5874:14)
#296    _InactiveElements._unmount (package:flutter/src/widgets/framework.dart:2113:13)
#297    _InactiveElements._unmount.<anonymous closure> (package:flutter/src/widgets/framework.dart:2115:7)
#298    ComponentElement.visitChildren (package:flutter/src/widgets/framework.dart:5874:14)
#299    _InactiveElements._unmount (package:flutter/src/widgets/framework.dart:2113:13)
#300    _InactiveElements._unmount.<anonymous closure> (package:flutter/src/widgets/framework.dart:2115:7)
#301    ComponentElement.visitChildren (package:flutter/src/widgets/framework.dart:5874:14)
#302    _InactiveElements._unmount (package:flutter/src/widgets/framework.dart:2113:13)
#303    _InactiveElements._unmount.<anonymous closure> (package:flutter/src/widgets/framework.dart:2115:7)
#304    SingleChildRenderObjectElement.visitChildren (package:flutter/src/widgets/framework.dart:7104:14)
#305    _InactiveElements._unmount (package:flutter/src/widgets/framework.dart:2113:13)
#306    _InactiveElements._unmount.<anonymous closure> (package:flutter/src/widgets/framework.dart:2115:7)
#307    ComponentElement.visitChildren (package:flutter/src/widgets/framework.dart:5874:14)
#308    _InactiveElements._unmount (package:flutter/src/widgets/framework.dart:2113:13)
#309    _InactiveElements._unmount.<anonymous closure> (package:flutter/src/widgets/framework.dart:2115:7)
#310    ComponentElement.visitChildren (package:flutter/src/widgets/framework.dart:5874:14)
#311    _InactiveElements._unmount (package:flutter/src/widgets/framework.dart:2113:13)
#312    _InactiveElements._unmount.<anonymous closure> (package:flutter/src/widgets/framework.dart:2115:7)
#313    ComponentElement.visitChildren (package:flutter/src/widgets/framework.dart:5874:14)
#314    _InactiveElements._unmount (package:flutter/src/widgets/framework.dart:2113:13)
#315    _InactiveElements._unmount.<anonymous closure> (package:flutter/src/widgets/framework.dart:2115:7)
#316    ComponentElement.visitChildren (package:flutter/src/widgets/framework.dart:5874:14)
#317    _InactiveElements._unmount (package:flutter/src/widgets/framework.dart:2113:13)
#318    _InactiveElements._unmount.<anonymous closure> (package:flutter/src/widgets/framework.dart:2115:7)
#319    SingleChildRenderObjectElement.visitChildren (package:flutter/src/widgets/framework.dart:7104:14)
#320    _InactiveElements._unmount (package:flutter/src/widgets/framework.dart:2113:13)
#321    _InactiveElements._unmount.<anonymous closure> (package:flutter/src/widgets/framework.dart:2115:7)
#322    ComponentElement.visitChildren (package:flutter/src/widgets/framework.dart:5874:14)
#323    _InactiveElements._unmount (package:flutter/src/widgets/framework.dart:2113:13)
#324    _InactiveElements._unmount.<anonymous closure> (package:flutter/src/widgets/framework.dart:2115:7)
#325    ComponentElement.visitChildren (package:flutter/src/widgets/framework.dart:5874:14)
#326    _InactiveElements._unmount (package:flutter/src/widgets/framework.dart:2113:13)
#327    _InactiveElements._unmount.<anonymous closure> (package:flutter/src/widgets/framework.dart:2115:7)
#328    ComponentElement.visitChildren (package:flutter/src/widgets/framework.dart:5874:14)
#329    _InactiveElements._unmount (package:flutter/src/widgets/framework.dart:2113:13)
#330    _InactiveElements._unmount.<anonymous closure> (package:flutter/src/widgets/framework.dart:2115:7)
#331    ComponentElement.visitChildren (package:flutter/src/widgets/framework.dart:5874:14)
#332    _InactiveElements._unmount (package:flutter/src/widgets/framework.dart:2113:13)
#333    _InactiveElements._unmount.<anonymous closure> (package:flutter/src/widgets/framework.dart:2115:7)
#334    ComponentElement.visitChildren (package:flutter/src/widgets/framework.dart:5874:14)
#335    _InactiveElements._unmount (package:flutter/src/widgets/framework.dart:2113:13)
#336    _InactiveElements._unmount.<anonymous closure> (package:flutter/src/widgets/framework.dart:2115:7)
#337    ComponentElement.visitChildren (package:flutter/src/widgets/framework.dart:5874:14)
#338    _InactiveElements._unmount (package:flutter/src/widgets/framework.dart:2113:13)
#339    _InactiveElements._unmount.<anonymous closure> (package:flutter/src/widgets/framework.dart:2115:7)
#340    ComponentElement.visitChildren (package:flutter/src/widgets/framework.dart:5874:14)
#341    _InactiveElements._unmount (package:flutter/src/widgets/framework.dart:2113:13)
#342    _InactiveElements._unmount.<anonymous closure> (package:flutter/src/widgets/framework.dart:2115:7)
#343    ComponentElement.visitChildren (package:flutter/src/widgets/framework.dart:5874:14)
#344    _InactiveElements._unmount (package:flutter/src/widgets/framework.dart:2113:13)
#345    _InactiveElements._unmount.<anonymous closure> (package:flutter/src/widgets/framework.dart:2115:7)
#346    ComponentElement.visitChildren (package:flutter/src/widgets/framework.dart:5874:14)
#347    _InactiveElements._unmount (package:flutter/src/widgets/framework.dart:2113:13)
#348    _InactiveElements._unmount.<anonymous closure> (package:flutter/src/widgets/framework.dart:2115:7)
#349    ComponentElement.visitChildren (package:flutter/src/widgets/framework.dart:5874:14)
#350    _InactiveElements._unmount (package:flutter/src/widgets/framework.dart:2113:13)
#351    _InactiveElements._unmount.<anonymous closure> (package:flutter/src/widgets/framework.dart:2115:7)
#352    ComponentElement.visitChildren (package:flutter/src/widgets/framework.dart:5874:14)
#353    _InactiveElements._unmount (package:flutter/src/widgets/framework.dart:2113:13)
#354    _InactiveElements._unmount.<anonymous closure> (package:flutter/src/widgets/framework.dart:2115:7)
#355    SingleChildRenderObjectElement.visitChildren (package:flutter/src/widgets/framework.dart:7104:14)
#356    _InactiveElements._unmount (package:flutter/src/widgets/framework.dart:2113:13)
#357    _InactiveElements._unmount.<anonymous closure> (package:flutter/src/widgets/framework.dart:2115:7)
#358    ComponentElement.visitChildren (package:flutter/src/widgets/framework.dart:5874:14)
#359    _InactiveElements._unmount (package:flutter/src/widgets/framework.dart:2113:13)
#360    _InactiveElements._unmount.<anonymous closure> (package:flutter/src/widgets/framework.dart:2115:7)
#361    ComponentElement.visitChildren (package:flutter/src/widgets/framework.dart:5874:14)
#362    _InactiveElements._unmount (package:flutter/src/widgets/framework.dart:2113:13)
#363    _InactiveElements._unmount.<anonymous closure> (package:flutter/src/widgets/framework.dart:2115:7)
#364    ComponentElement.visitChildren (package:flutter/src/widgets/framework.dart:5874:14)
#365    _InactiveElements._unmount (package:flutter/src/widgets/framework.dart:2113:13)
#366    _InactiveElements._unmount.<anonymous closure> (package:flutter/src/widgets/framework.dart:2115:7)
#367    ComponentElement.visitChildren (package:flutter/src/widgets/framework.dart:5874:14)
#368    _InactiveElements._unmount (package:flutter/src/widgets/framework.dart:2113:13)
#369    _InactiveElements._unmount.<anonymous closure> (package:flutter/src/widgets/framework.dart:2115:7)
#370    ComponentElement.visitChildren (package:flutter/src/widgets/framework.dart:5874:14)
#371    _InactiveElements._unmount (package:flutter/src/widgets/framework.dart:2113:13)
#372    ListIterable.forEach (dart:_internal/iterable.dart:49:13)
#373    _InactiveElements._unmountAll (package:flutter/src/widgets/framework.dart:2126:25)
#374    BuildOwner.lockState (package:flutter/src/widgets/framework.dart:3020:15)
#375    BuildOwner.finalizeTree (package:flutter/src/widgets/framework.dart:3344:7)
#376    AutomatedTestWidgetsFlutterBinding.drawFrame (package:flutter_test/src/binding.dart:1528:19)
#377    RendererBinding._handlePersistentFrameCallback (package:flutter/src/rendering/binding.dart:495:5)
#378    SchedulerBinding._invokeFrameCallback (package:flutter/src/scheduler/binding.dart:1434:15)
#379    SchedulerBinding.handleDrawFrame (package:flutter/src/scheduler/binding.dart:1347:9)
#380    AutomatedTestWidgetsFlutterBinding.scheduleWarmUpFrame (package:flutter_test/src/binding.dart:1432:5)
#381    _runWidget (package:flutter/src/widgets/binding.dart:1643:7)
#382    runApp (package:flutter/src/widgets/binding.dart:1576:3)
#383    TestWidgetsFlutterBinding._runTestBody (package:flutter_test/src/binding.dart:1047:5)
#386    TestWidgetsFlutterBinding._runTest (package:flutter_test/src/binding.dart:1033:10)
#387    AutomatedTestWidgetsFlutterBinding.runTest.<anonymous closure> (package:flutter_test/src/binding.dart:1564:24)
#388    FakeAsync.run.<anonymous closure>.<anonymous closure> (package:fake_async/fake_async.dart:182:47)
#393    withClock (package:clock/src/default.dart:52:10)
#394    FakeAsync.run.<anonymous closure> (package:fake_async/fake_async.dart:182:15)
#399    FakeAsync.run (package:fake_async/fake_async.dart:181:52)
#400    AutomatedTestWidgetsFlutterBinding.runTest (package:flutter_test/src/binding.dart:1561:15)
#401    testWidgets.<anonymous closure> (package:flutter_test/src/widget_tester.dart:184:24)
#402    Declarer.test.<anonymous closure>.<anonymous closure> (package:test_api/src/backend/declarer.dart:242:19)
<asynchronous suspension>
#403    Declarer.test.<anonymous closure> (package:test_api/src/backend/declarer.dart:240:7)
<asynchronous suspension>
#404    Invoker._waitForOutstandingCallbacks.<anonymous closure> (package:test_api/src/backend/invoker.dart:282:9)
<asynchronous suspension>
(elided 10 frames from dart:async)
ÔòÉÔòÉÔòÉÔòÉÔòÉÔòÉÔòÉÔòÉÔòÉÔòÉÔòÉÔòÉÔòÉÔòÉÔòÉÔòÉÔòÉÔòÉÔòÉÔòÉÔòÉÔòÉÔòÉÔòÉÔòÉÔòÉÔòÉÔòÉÔòÉÔòÉÔòÉÔòÉÔòÉÔòÉÔòÉÔòÉÔòÉÔòÉÔòÉÔòÉÔòÉÔòÉÔòÉÔòÉÔòÉÔòÉÔòÉÔòÉÔòÉÔòÉÔòÉÔòÉÔòÉÔòÉÔòÉÔòÉÔòÉÔòÉÔòÉÔòÉÔòÉÔòÉÔòÉÔòÉÔòÉÔòÉÔòÉÔòÉÔòÉÔòÉÔòÉÔòÉÔòÉÔòÉÔòÉÔòÉÔòÉÔòÉÔòÉÔòÉÔòÉÔòÉÔòÉÔòÉÔòÉÔòÉÔòÉÔòÉÔòÉÔòÉÔòÉÔòÉÔòÉÔòÉÔòÉÔòÉÔòÉÔòÉÔòÉÔòÉ
ÔòÉÔòÉÔòí EXCEPTION CAUGHT BY WIDGETS LIBRARY Ôò×ÔòÉÔòÉÔòÉÔòÉÔòÉÔòÉÔòÉÔòÉÔòÉÔòÉÔòÉÔòÉÔòÉÔòÉÔòÉÔòÉÔòÉÔòÉÔòÉÔòÉÔòÉÔòÉÔòÉÔòÉÔòÉÔòÉÔòÉÔòÉÔòÉÔòÉÔòÉÔòÉÔòÉÔòÉÔòÉÔòÉÔòÉÔòÉÔòÉÔòÉÔòÉÔòÉÔòÉÔòÉÔòÉÔòÉÔòÉÔòÉÔòÉÔòÉÔòÉÔòÉÔòÉÔòÉÔòÉÔòÉÔòÉÔòÉÔòÉ
The following StateError was thrown building _GuiaLoginView(dependencies: [InheritedCupertinoTheme,
_InheritedTheme, _LocalizationsScope-[GlobalKey#e5bb3]], state: _GuiaLoginViewState#cc16d):
Bad state: GetIt: Object/factory with type GuiaLoginCubit is not registered inside GetIt.
(Did you accidentally do GetIt sl=GetIt.instance(); instead of GetIt sl=GetIt.instance;
Did you forget to register it?)

The relevant error-causing widget was:
  _GuiaLoginView
  _GuiaLoginView:file:///C:/Users/HP/Documents/OthliAni/othliani/frontend/lib/features/guia/auth/presentation/screens/guia_login_screen.dart:15:20

When the exception was thrown, this was the stack:
#0      throwIfNot (package:get_it/get_it_impl.dart:14:19)
#1      _GetItImplementation._findRegistrationByNameAndType (package:get_it/get_it_impl.dart:682:5)
#2      _GetItImplementation._get (package:get_it/get_it_impl.dart:740:11)
#3      _GetItImplementation.get (package:get_it/get_it_impl.dart:707:12)
#4      _GetItImplementation.call (package:get_it/get_it_impl.dart:829:12)
#5      GuiaLoginScreen.build.<anonymous closure> (package:frontend/features/guia/auth/presentation/screens/guia_login_screen.dart:14:24)
#6      _CreateInheritedProviderState.value (package:provider/src/inherited_provider.dart:749:36)
#7      _InheritedProviderScopeElement.value (package:provider/src/inherited_provider.dart:603:33)
#8      Provider.of (package:provider/src/provider.dart:337:37)
#9      ReadContext.read (package:provider/src/provider.dart:683:21)
#10     _BlocListenerBaseState.initState (package:flutter_bloc/src/bloc_listener.dart:158:36)
#11     StatefulElement._firstBuild (package:flutter/src/widgets/framework.dart:5953:55)
#12     ComponentElement.mount (package:flutter/src/widgets/framework.dart:5796:5)
#13     SingleChildWidgetElementMixin.mount (package:nested/nested.dart:222:11)
...     Normal element mounting (15 frames)
#28     _InheritedProviderScopeElement.mount (package:provider/src/inherited_provider.dart:424:11)
...     Normal element mounting (7 frames)
#35     SingleChildWidgetElementMixin.mount (package:nested/nested.dart:222:11)
...     Normal element mounting (7 frames)
#42     SingleChildWidgetElementMixin.mount (package:nested/nested.dart:222:11)
...     Normal element mounting (266 frames)
#308    Element.inflateWidget (package:flutter/src/widgets/framework.dart:4590:20)
#309    MultiChildRenderObjectElement.inflateWidget (package:flutter/src/widgets/framework.dart:7269:36)
#310    MultiChildRenderObjectElement.mount (package:flutter/src/widgets/framework.dart:7285:32)
...     Normal element mounting (465 frames)
#775    Element.inflateWidget (package:flutter/src/widgets/framework.dart:4590:20)
#776    Element.updateChild (package:flutter/src/widgets/framework.dart:4053:20)
#777    ComponentElement.performRebuild (package:flutter/src/widgets/framework.dart:5844:16)
#778    Element.rebuild (package:flutter/src/widgets/framework.dart:5532:7)
#779    ProxyElement.update (package:flutter/src/widgets/framework.dart:6152:5)
#780    _InheritedNotifierElement.update (package:flutter/src/widgets/inherited_notifier.dart:108:11)
#781    Element.updateChild (package:flutter/src/widgets/framework.dart:4037:15)
#782    ComponentElement.performRebuild (package:flutter/src/widgets/framework.dart:5844:16)
#783    StatefulElement.performRebuild (package:flutter/src/widgets/framework.dart:5985:11)
#784    Element.rebuild (package:flutter/src/widgets/framework.dart:5532:7)
#785    StatefulElement.update (package:flutter/src/widgets/framework.dart:6010:5)
#786    Element.updateChild (package:flutter/src/widgets/framework.dart:4037:15)
#787    ComponentElement.performRebuild (package:flutter/src/widgets/framework.dart:5844:16)
#788    Element.rebuild (package:flutter/src/widgets/framework.dart:5532:7)
#789    ProxyElement.update (package:flutter/src/widgets/framework.dart:6152:5)
#790    _InheritedNotifierElement.update (package:flutter/src/widgets/inherited_notifier.dart:108:11)
#791    Element.updateChild (package:flutter/src/widgets/framework.dart:4037:15)
#792    ComponentElement.performRebuild (package:flutter/src/widgets/framework.dart:5844:16)
#793    StatefulElement.performRebuild (package:flutter/src/widgets/framework.dart:5985:11)
#794    Element.rebuild (package:flutter/src/widgets/framework.dart:5532:7)
#795    StatefulElement.update (package:flutter/src/widgets/framework.dart:6010:5)
#796    Element.updateChild (package:flutter/src/widgets/framework.dart:4037:15)
#797    ComponentElement.performRebuild (package:flutter/src/widgets/framework.dart:5844:16)
#798    StatefulElement.performRebuild (package:flutter/src/widgets/framework.dart:5985:11)
#799    Element.rebuild (package:flutter/src/widgets/framework.dart:5532:7)
#800    StatefulElement.update (package:flutter/src/widgets/framework.dart:6010:5)
#801    Element.updateChild (package:flutter/src/widgets/framework.dart:4037:15)
#802    ComponentElement.performRebuild (package:flutter/src/widgets/framework.dart:5844:16)
#803    Element.rebuild (package:flutter/src/widgets/framework.dart:5532:7)
#804    ProxyElement.update (package:flutter/src/widgets/framework.dart:6152:5)
#805    Element.updateChild (package:flutter/src/widgets/framework.dart:4037:15)
#806    ComponentElement.performRebuild (package:flutter/src/widgets/framework.dart:5844:16)
#807    StatefulElement.performRebuild (package:flutter/src/widgets/framework.dart:5985:11)
#808    Element.rebuild (package:flutter/src/widgets/framework.dart:5532:7)
#809    StatefulElement.update (package:flutter/src/widgets/framework.dart:6010:5)
#810    Element.updateChild (package:flutter/src/widgets/framework.dart:4037:15)
#811    ComponentElement.performRebuild (package:flutter/src/widgets/framework.dart:5844:16)
#812    Element.rebuild (package:flutter/src/widgets/framework.dart:5532:7)
#813    ProxyElement.update (package:flutter/src/widgets/framework.dart:6152:5)
#814    Element.updateChild (package:flutter/src/widgets/framework.dart:4037:15)
#815    ComponentElement.performRebuild (package:flutter/src/widgets/framework.dart:5844:16)
#816    Element.rebuild (package:flutter/src/widgets/framework.dart:5532:7)
#817    ProxyElement.update (package:flutter/src/widgets/framework.dart:6152:5)
#818    Element.updateChild (package:flutter/src/widgets/framework.dart:4037:15)
#819    _RawViewElement._updateChild (package:flutter/src/widgets/view.dart:481:16)
#820    _RawViewElement.update (package:flutter/src/widgets/view.dart:568:5)
#821    Element.updateChild (package:flutter/src/widgets/framework.dart:4037:15)
#822    ComponentElement.performRebuild (package:flutter/src/widgets/framework.dart:5844:16)
#823    Element.rebuild (package:flutter/src/widgets/framework.dart:5532:7)
#824    StatelessElement.update (package:flutter/src/widgets/framework.dart:5898:5)
#825    Element.updateChild (package:flutter/src/widgets/framework.dart:4037:15)
#826    ComponentElement.performRebuild (package:flutter/src/widgets/framework.dart:5844:16)
#827    StatefulElement.performRebuild (package:flutter/src/widgets/framework.dart:5985:11)
#828    Element.rebuild (package:flutter/src/widgets/framework.dart:5532:7)
#829    StatefulElement.update (package:flutter/src/widgets/framework.dart:6010:5)
#830    Element.updateChild (package:flutter/src/widgets/framework.dart:4037:15)
#831    RootElement._rebuild (package:flutter/src/widgets/binding.dart:1782:16)
#832    RootElement.update (package:flutter/src/widgets/binding.dart:1760:5)
#833    RootElement.performRebuild (package:flutter/src/widgets/binding.dart:1774:7)
#834    Element.rebuild (package:flutter/src/widgets/framework.dart:5532:7)
#835    BuildScope._tryRebuild (package:flutter/src/widgets/framework.dart:2750:15)
#836    BuildScope._flushDirtyElements (package:flutter/src/widgets/framework.dart:2807:11)
#837    BuildOwner.buildScope (package:flutter/src/widgets/framework.dart:3111:18)
#838    AutomatedTestWidgetsFlutterBinding.drawFrame (package:flutter_test/src/binding.dart:1506:19)
#839    RendererBinding._handlePersistentFrameCallback (package:flutter/src/rendering/binding.dart:495:5)
#840    SchedulerBinding._invokeFrameCallback (package:flutter/src/scheduler/binding.dart:1434:15)
#841    SchedulerBinding.handleDrawFrame (package:flutter/src/scheduler/binding.dart:1347:9)
#842    AutomatedTestWidgetsFlutterBinding.pump.<anonymous closure> (package:flutter_test/src/binding.dart:1335:9)
#845    TestAsyncUtils.guard (package:flutter_test/src/test_async_utils.dart:74:41)
#846    AutomatedTestWidgetsFlutterBinding.pump (package:flutter_test/src/binding.dart:1324:27)
#847    WidgetTester.pumpWidget.<anonymous closure> (package:flutter_test/src/widget_tester.dart:598:22)
#850    TestAsyncUtils.guard (package:flutter_test/src/test_async_utils.dart:74:41)
#851    WidgetTester.pumpWidget (package:flutter_test/src/widget_tester.dart:595:27)
#852    main.<anonymous closure>.<anonymous closure> (file:///C:/Users/HP/Documents/OthliAni/othliani/frontend/test/features/guia/auth/presentation/screens/guia_login_screen_test.dart:71:22)
#853    testWidgets.<anonymous closure>.<anonymous closure> (package:flutter_test/src/widget_tester.dart:192:29)
<asynchronous suspension>
#854    TestWidgetsFlutterBinding._runTestBody (package:flutter_test/src/binding.dart:1059:5)
<asynchronous suspension>
<asynchronous suspension>
(elided 5 frames from dart:async and package:stack_trace)

ÔòÉÔòÉÔòÉÔòÉÔòÉÔòÉÔòÉÔòÉÔòÉÔòÉÔòÉÔòÉÔòÉÔòÉÔòÉÔòÉÔòÉÔòÉÔòÉÔòÉÔòÉÔòÉÔòÉÔòÉÔòÉÔòÉÔòÉÔòÉÔòÉÔòÉÔòÉÔòÉÔòÉÔòÉÔòÉÔòÉÔòÉÔòÉÔòÉÔòÉÔòÉÔòÉÔòÉÔòÉÔòÉÔòÉÔòÉÔòÉÔòÉÔòÉÔòÉÔòÉÔòÉÔòÉÔòÉÔòÉÔòÉÔòÉÔòÉÔòÉÔòÉÔòÉÔòÉÔòÉÔòÉÔòÉÔòÉÔòÉÔòÉÔòÉÔòÉÔòÉÔòÉÔòÉÔòÉÔòÉÔòÉÔòÉÔòÉÔòÉÔòÉÔòÉÔòÉÔòÉÔòÉÔòÉÔòÉÔòÉÔòÉÔòÉÔòÉÔòÉÔòÉÔòÉÔòÉÔòÉÔòÉÔòÉÔòÉÔòÉ
ÔòÉÔòÉÔòí EXCEPTION CAUGHT BY FLUTTER TEST FRAMEWORK Ôò×ÔòÉÔòÉÔòÉÔòÉÔòÉÔòÉÔòÉÔòÉÔòÉÔòÉÔòÉÔòÉÔòÉÔòÉÔòÉÔòÉÔòÉÔòÉÔòÉÔòÉÔòÉÔòÉÔòÉÔòÉÔòÉÔòÉÔòÉÔòÉÔòÉÔòÉÔòÉÔòÉÔòÉÔòÉÔòÉÔòÉÔòÉÔòÉÔòÉÔòÉÔòÉÔòÉÔòÉÔòÉÔòÉÔòÉÔòÉÔòÉÔòÉÔòÉÔòÉÔòÉ
The following TestFailure was thrown running a test:
Expected: exactly one matching candidate
  Actual: _TypeWidgetFinder:<Found 0 widgets with type "CircularProgressIndicator": []>
   Which: means none were found but one was expected

When the exception was thrown, this was the stack:
#4      main.<anonymous closure>.<anonymous closure> (file:///C:/Users/HP/Documents/OthliAni/othliani/frontend/test/features/guia/auth/presentation/screens/guia_login_screen_test.dart:74:9)
<asynchronous suspension>
#5      testWidgets.<anonymous closure>.<anonymous closure> (package:flutter_test/src/widget_tester.dart:192:15)
<asynchronous suspension>
#6      TestWidgetsFlutterBinding._runTestBody (package:flutter_test/src/binding.dart:1059:5)
<asynchronous suspension>
<asynchronous suspension>
(elided one frame from package:stack_trace)

This was caught by the test expectation on the following line:
  file:///C:/Users/HP/Documents/OthliAni/othliani/frontend/test/features/guia/auth/presentation/screens/guia_login_screen_test.dart line 74
The test description was:
  Muestra un CircularProgressIndicator cuando el estado es Loading
ÔòÉÔòÉÔòÉÔòÉÔòÉÔòÉÔòÉÔòÉÔòÉÔòÉÔòÉÔòÉÔòÉÔòÉÔòÉÔòÉÔòÉÔòÉÔòÉÔòÉÔòÉÔòÉÔòÉÔòÉÔòÉÔòÉÔòÉÔòÉÔòÉÔòÉÔòÉÔòÉÔòÉÔòÉÔòÉÔòÉÔòÉÔòÉÔòÉÔòÉÔòÉÔòÉÔòÉÔòÉÔòÉÔòÉÔòÉÔòÉÔòÉÔòÉÔòÉÔòÉÔòÉÔòÉÔòÉÔòÉÔòÉÔòÉÔòÉÔòÉÔòÉÔòÉÔòÉÔòÉÔòÉÔòÉÔòÉÔòÉÔòÉÔòÉÔòÉÔòÉÔòÉÔòÉÔòÉÔòÉÔòÉÔòÉÔòÉÔòÉÔòÉÔòÉÔòÉÔòÉÔòÉÔòÉÔòÉÔòÉÔòÉÔòÉÔòÉÔòÉÔòÉÔòÉÔòÉÔòÉÔòÉÔòÉÔòÉÔòÉ
ÔòÉÔòÉÔòí EXCEPTION CAUGHT BY FLUTTER TEST FRAMEWORK Ôò×ÔòÉÔòÉÔòÉÔòÉÔòÉÔòÉÔòÉÔòÉÔòÉÔòÉÔòÉÔòÉÔòÉÔòÉÔòÉÔòÉÔòÉÔòÉÔòÉÔòÉÔòÉÔòÉÔòÉÔòÉÔòÉÔòÉÔòÉÔòÉÔòÉÔòÉÔòÉÔòÉÔòÉÔòÉÔòÉÔòÉÔòÉÔòÉÔòÉÔòÉÔòÉÔòÉÔòÉÔòÉÔòÉÔòÉÔòÉÔòÉÔòÉÔòÉÔòÉÔòÉ
The following message was thrown:
Multiple exceptions (3) were detected during the running of the current test, and at least one was
unexpected.
ÔòÉÔòÉÔòÉÔòÉÔòÉÔòÉÔòÉÔòÉÔòÉÔòÉÔòÉÔòÉÔòÉÔòÉÔòÉÔòÉÔòÉÔòÉÔòÉÔòÉÔòÉÔòÉÔòÉÔòÉÔòÉÔòÉÔòÉÔòÉÔòÉÔòÉÔòÉÔòÉÔòÉÔòÉÔòÉÔòÉÔòÉÔòÉÔòÉÔòÉÔòÉÔòÉÔòÉÔòÉÔòÉÔòÉÔòÉÔòÉÔòÉÔòÉÔòÉÔòÉÔòÉÔòÉÔòÉÔòÉÔòÉÔòÉÔòÉÔòÉÔòÉÔòÉÔòÉÔòÉÔòÉÔòÉÔòÉÔòÉÔòÉÔòÉÔòÉÔòÉÔòÉÔòÉÔòÉÔòÉÔòÉÔòÉÔòÉÔòÉÔòÉÔòÉÔòÉÔòÉÔòÉÔòÉÔòÉÔòÉÔòÉÔòÉÔòÉÔòÉÔòÉÔòÉÔòÉÔòÉÔòÉÔòÉÔòÉÔòÉ
00:02 +0 -3: GuiaLoginScreen (Widget Test) Muestra un CircularProgressIndicator cuando el estado es Loading [E]
  Test failed. See exception logs above.
  The test description was: Muestra un CircularProgressIndicator cuando el estado es Loading
  
00:02 +0 -3: GuiaLoginScreen (Widget Test) Muestra un SnackBar si el estado cambia a Failure
ÔòÉÔòÉÔòí EXCEPTION CAUGHT BY WIDGETS LIBRARY Ôò×ÔòÉÔòÉÔòÉÔòÉÔòÉÔòÉÔòÉÔòÉÔòÉÔòÉÔòÉÔòÉÔòÉÔòÉÔòÉÔòÉÔòÉÔòÉÔòÉÔòÉÔòÉÔòÉÔòÉÔòÉÔòÉÔòÉÔòÉÔòÉÔòÉÔòÉÔòÉÔòÉÔòÉÔòÉÔòÉÔòÉÔòÉÔòÉÔòÉÔòÉÔòÉÔòÉÔòÉÔòÉÔòÉÔòÉÔòÉÔòÉÔòÉÔòÉÔòÉÔòÉÔòÉÔòÉÔòÉÔòÉÔòÉÔòÉÔòÉ
The following _TypeError was thrown while finalizing the widget tree:
type 'Null' is not a subtype of type 'GuiaLoginCubit' in type cast

When the exception was thrown, this was the stack:
#0      _CreateInheritedProviderState.dispose (package:provider/src/inherited_provider.dart:810:47)
#1      _InheritedProviderScopeElement.unmount (package:provider/src/inherited_provider.dart:572:20)
#2      _InactiveElements._unmount (package:flutter/src/widgets/framework.dart:2117:13)
#3      _InactiveElements._unmount.<anonymous closure> (package:flutter/src/widgets/framework.dart:2115:7)
#4      ComponentElement.visitChildren (package:flutter/src/widgets/framework.dart:5874:14)
#5      _InactiveElements._unmount (package:flutter/src/widgets/framework.dart:2113:13)
#6      _InactiveElements._unmount.<anonymous closure> (package:flutter/src/widgets/framework.dart:2115:7)
#7      ComponentElement.visitChildren (package:flutter/src/widgets/framework.dart:5874:14)
#8      _InactiveElements._unmount (package:flutter/src/widgets/framework.dart:2113:13)
#9      _InactiveElements._unmount.<anonymous closure> (package:flutter/src/widgets/framework.dart:2115:7)
#10     ComponentElement.visitChildren (package:flutter/src/widgets/framework.dart:5874:14)
#11     _InactiveElements._unmount (package:flutter/src/widgets/framework.dart:2113:13)
#12     _InactiveElements._unmount.<anonymous closure> (package:flutter/src/widgets/framework.dart:2115:7)
#13     SingleChildRenderObjectElement.visitChildren (package:flutter/src/widgets/framework.dart:7104:14)
#14     _InactiveElements._unmount (package:flutter/src/widgets/framework.dart:2113:13)
#15     _InactiveElements._unmount.<anonymous closure> (package:flutter/src/widgets/framework.dart:2115:7)
#16     ComponentElement.visitChildren (package:flutter/src/widgets/framework.dart:5874:14)
#17     _InactiveElements._unmount (package:flutter/src/widgets/framework.dart:2113:13)
#18     _InactiveElements._unmount.<anonymous closure> (package:flutter/src/widgets/framework.dart:2115:7)
#19     SingleChildRenderObjectElement.visitChildren (package:flutter/src/widgets/framework.dart:7104:14)
#20     _InactiveElements._unmount (package:flutter/src/widgets/framework.dart:2113:13)
#21     _InactiveElements._unmount.<anonymous closure> (package:flutter/src/widgets/framework.dart:2115:7)
#22     SingleChildRenderObjectElement.visitChildren (package:flutter/src/widgets/framework.dart:7104:14)
#23     _InactiveElements._unmount (package:flutter/src/widgets/framework.dart:2113:13)
#24     _InactiveElements._unmount.<anonymous closure> (package:flutter/src/widgets/framework.dart:2115:7)
#25     ComponentElement.visitChildren (package:flutter/src/widgets/framework.dart:5874:14)
#26     _InactiveElements._unmount (package:flutter/src/widgets/framework.dart:2113:13)
#27     _InactiveElements._unmount.<anonymous closure> (package:flutter/src/widgets/framework.dart:2115:7)
#28     SingleChildRenderObjectElement.visitChildren (package:flutter/src/widgets/framework.dart:7104:14)
#29     _InactiveElements._unmount (package:flutter/src/widgets/framework.dart:2113:13)
#30     _InactiveElements._unmount.<anonymous closure> (package:flutter/src/widgets/framework.dart:2115:7)
#31     ComponentElement.visitChildren (package:flutter/src/widgets/framework.dart:5874:14)
#32     _InactiveElements._unmount (package:flutter/src/widgets/framework.dart:2113:13)
#33     _InactiveElements._unmount.<anonymous closure> (package:flutter/src/widgets/framework.dart:2115:7)
#34     SingleChildRenderObjectElement.visitChildren (package:flutter/src/widgets/framework.dart:7104:14)
#35     _InactiveElements._unmount (package:flutter/src/widgets/framework.dart:2113:13)
#36     _InactiveElements._unmount.<anonymous closure> (package:flutter/src/widgets/framework.dart:2115:7)
#37     SingleChildRenderObjectElement.visitChildren (package:flutter/src/widgets/framework.dart:7104:14)
#38     _InactiveElements._unmount (package:flutter/src/widgets/framework.dart:2113:13)
#39     _InactiveElements._unmount.<anonymous closure> (package:flutter/src/widgets/framework.dart:2115:7)
#40     ComponentElement.visitChildren (package:flutter/src/widgets/framework.dart:5874:14)
#41     _InactiveElements._unmount (package:flutter/src/widgets/framework.dart:2113:13)
#42     _InactiveElements._unmount.<anonymous closure> (package:flutter/src/widgets/framework.dart:2115:7)
#43     SingleChildRenderObjectElement.visitChildren (package:flutter/src/widgets/framework.dart:7104:14)
#44     _InactiveElements._unmount (package:flutter/src/widgets/framework.dart:2113:13)
#45     _InactiveElements._unmount.<anonymous closure> (package:flutter/src/widgets/framework.dart:2115:7)
#46     ComponentElement.visitChildren (package:flutter/src/widgets/framework.dart:5874:14)
#47     _InactiveElements._unmount (package:flutter/src/widgets/framework.dart:2113:13)
#48     _InactiveElements._unmount.<anonymous closure> (package:flutter/src/widgets/framework.dart:2115:7)
#49     SingleChildRenderObjectElement.visitChildren (package:flutter/src/widgets/framework.dart:7104:14)
#50     _InactiveElements._unmount (package:flutter/src/widgets/framework.dart:2113:13)
#51     _InactiveElements._unmount.<anonymous closure> (package:flutter/src/widgets/framework.dart:2115:7)
#52     SingleChildRenderObjectElement.visitChildren (package:flutter/src/widgets/framework.dart:7104:14)
#53     _InactiveElements._unmount (package:flutter/src/widgets/framework.dart:2113:13)
#54     _InactiveElements._unmount.<anonymous closure> (package:flutter/src/widgets/framework.dart:2115:7)
#55     ComponentElement.visitChildren (package:flutter/src/widgets/framework.dart:5874:14)
#56     _InactiveElements._unmount (package:flutter/src/widgets/framework.dart:2113:13)
#57     _InactiveElements._unmount.<anonymous closure> (package:flutter/src/widgets/framework.dart:2115:7)
#58     SingleChildRenderObjectElement.visitChildren (package:flutter/src/widgets/framework.dart:7104:14)
#59     _InactiveElements._unmount (package:flutter/src/widgets/framework.dart:2113:13)
#60     _InactiveElements._unmount.<anonymous closure> (package:flutter/src/widgets/framework.dart:2115:7)
#61     SingleChildRenderObjectElement.visitChildren (package:flutter/src/widgets/framework.dart:7104:14)
#62     _InactiveElements._unmount (package:flutter/src/widgets/framework.dart:2113:13)
#63     _InactiveElements._unmount.<anonymous closure> (package:flutter/src/widgets/framework.dart:2115:7)
#64     SingleChildRenderObjectElement.visitChildren (package:flutter/src/widgets/framework.dart:7104:14)
#65     _InactiveElements._unmount (package:flutter/src/widgets/framework.dart:2113:13)
#66     _InactiveElements._unmount.<anonymous closure> (package:flutter/src/widgets/framework.dart:2115:7)
#67     ComponentElement.visitChildren (package:flutter/src/widgets/framework.dart:5874:14)
#68     _InactiveElements._unmount (package:flutter/src/widgets/framework.dart:2113:13)
#69     _InactiveElements._unmount.<anonymous closure> (package:flutter/src/widgets/framework.dart:2115:7)
#70     SingleChildRenderObjectElement.visitChildren (package:flutter/src/widgets/framework.dart:7104:14)
#71     _InactiveElements._unmount (package:flutter/src/widgets/framework.dart:2113:13)
#72     _InactiveElements._unmount.<anonymous closure> (package:flutter/src/widgets/framework.dart:2115:7)
#73     ComponentElement.visitChildren (package:flutter/src/widgets/framework.dart:5874:14)
#74     _InactiveElements._unmount (package:flutter/src/widgets/framework.dart:2113:13)
#75     _InactiveElements._unmount.<anonymous closure> (package:flutter/src/widgets/framework.dart:2115:7)
#76     ComponentElement.visitChildren (package:flutter/src/widgets/framework.dart:5874:14)
#77     _InactiveElements._unmount (package:flutter/src/widgets/framework.dart:2113:13)
#78     _InactiveElements._unmount.<anonymous closure> (package:flutter/src/widgets/framework.dart:2115:7)
#79     ComponentElement.visitChildren (package:flutter/src/widgets/framework.dart:5874:14)
#80     _InactiveElements._unmount (package:flutter/src/widgets/framework.dart:2113:13)
#81     _InactiveElements._unmount.<anonymous closure> (package:flutter/src/widgets/framework.dart:2115:7)
#82     ComponentElement.visitChildren (package:flutter/src/widgets/framework.dart:5874:14)
#83     _InactiveElements._unmount (package:flutter/src/widgets/framework.dart:2113:13)
#84     _InactiveElements._unmount.<anonymous closure> (package:flutter/src/widgets/framework.dart:2115:7)
#85     ComponentElement.visitChildren (package:flutter/src/widgets/framework.dart:5874:14)
#86     _InactiveElements._unmount (package:flutter/src/widgets/framework.dart:2113:13)
#87     _InactiveElements._unmount.<anonymous closure> (package:flutter/src/widgets/framework.dart:2115:7)
#88     SingleChildRenderObjectElement.visitChildren (package:flutter/src/widgets/framework.dart:7104:14)
#89     _InactiveElements._unmount (package:flutter/src/widgets/framework.dart:2113:13)
#90     _InactiveElements._unmount.<anonymous closure> (package:flutter/src/widgets/framework.dart:2115:7)
#91     ComponentElement.visitChildren (package:flutter/src/widgets/framework.dart:5874:14)
#92     _InactiveElements._unmount (package:flutter/src/widgets/framework.dart:2113:13)
#93     _InactiveElements._unmount.<anonymous closure> (package:flutter/src/widgets/framework.dart:2115:7)
#94     SingleChildRenderObjectElement.visitChildren (package:flutter/src/widgets/framework.dart:7104:14)
#95     _InactiveElements._unmount (package:flutter/src/widgets/framework.dart:2113:13)
#96     _InactiveElements._unmount.<anonymous closure> (package:flutter/src/widgets/framework.dart:2115:7)
#97     ComponentElement.visitChildren (package:flutter/src/widgets/framework.dart:5874:14)
#98     _InactiveElements._unmount (package:flutter/src/widgets/framework.dart:2113:13)
#99     _InactiveElements._unmount.<anonymous closure> (package:flutter/src/widgets/framework.dart:2115:7)
#100    ComponentElement.visitChildren (package:flutter/src/widgets/framework.dart:5874:14)
#101    _InactiveElements._unmount (package:flutter/src/widgets/framework.dart:2113:13)
#102    _InactiveElements._unmount.<anonymous closure> (package:flutter/src/widgets/framework.dart:2115:7)
#103    ComponentElement.visitChildren (package:flutter/src/widgets/framework.dart:5874:14)
#104    _InactiveElements._unmount (package:flutter/src/widgets/framework.dart:2113:13)
#105    _InactiveElements._unmount.<anonymous closure> (package:flutter/src/widgets/framework.dart:2115:7)
#106    ComponentElement.visitChildren (package:flutter/src/widgets/framework.dart:5874:14)
#107    _InactiveElements._unmount (package:flutter/src/widgets/framework.dart:2113:13)
#108    _InactiveElements._unmount.<anonymous closure> (package:flutter/src/widgets/framework.dart:2115:7)
#109    ComponentElement.visitChildren (package:flutter/src/widgets/framework.dart:5874:14)
#110    _InactiveElements._unmount (package:flutter/src/widgets/framework.dart:2113:13)
#111    _InactiveElements._unmount.<anonymous closure> (package:flutter/src/widgets/framework.dart:2115:7)
#112    ComponentElement.visitChildren (package:flutter/src/widgets/framework.dart:5874:14)
#113    _InactiveElements._unmount (package:flutter/src/widgets/framework.dart:2113:13)
#114    _InactiveElements._unmount.<anonymous closure> (package:flutter/src/widgets/framework.dart:2115:7)
#115    SingleChildRenderObjectElement.visitChildren (package:flutter/src/widgets/framework.dart:7104:14)
#116    _InactiveElements._unmount (package:flutter/src/widgets/framework.dart:2113:13)
#117    _InactiveElements._unmount.<anonymous closure> (package:flutter/src/widgets/framework.dart:2115:7)
#118    ComponentElement.visitChildren (package:flutter/src/widgets/framework.dart:5874:14)
#119    _InactiveElements._unmount (package:flutter/src/widgets/framework.dart:2113:13)
#120    _InactiveElements._unmount.<anonymous closure> (package:flutter/src/widgets/framework.dart:2115:7)
#121    ComponentElement.visitChildren (package:flutter/src/widgets/framework.dart:5874:14)
#122    _InactiveElements._unmount (package:flutter/src/widgets/framework.dart:2113:13)
#123    _InactiveElements._unmount.<anonymous closure> (package:flutter/src/widgets/framework.dart:2115:7)
#124    ComponentElement.visitChildren (package:flutter/src/widgets/framework.dart:5874:14)
#125    _InactiveElements._unmount (package:flutter/src/widgets/framework.dart:2113:13)
#126    _InactiveElements._unmount.<anonymous closure> (package:flutter/src/widgets/framework.dart:2115:7)
#127    ComponentElement.visitChildren (package:flutter/src/widgets/framework.dart:5874:14)
#128    _InactiveElements._unmount (package:flutter/src/widgets/framework.dart:2113:13)
#129    _InactiveElements._unmount.<anonymous closure> (package:flutter/src/widgets/framework.dart:2115:7)
#130    ComponentElement.visitChildren (package:flutter/src/widgets/framework.dart:5874:14)
#131    _InactiveElements._unmount (package:flutter/src/widgets/framework.dart:2113:13)
#132    _InactiveElements._unmount.<anonymous closure> (package:flutter/src/widgets/framework.dart:2115:7)
#133    SingleChildRenderObjectElement.visitChildren (package:flutter/src/widgets/framework.dart:7104:14)
#134    _InactiveElements._unmount (package:flutter/src/widgets/framework.dart:2113:13)
#135    _InactiveElements._unmount.<anonymous closure> (package:flutter/src/widgets/framework.dart:2115:7)
#136    ComponentElement.visitChildren (package:flutter/src/widgets/framework.dart:5874:14)
#137    _InactiveElements._unmount (package:flutter/src/widgets/framework.dart:2113:13)
#138    _InactiveElements._unmount.<anonymous closure> (package:flutter/src/widgets/framework.dart:2115:7)
#139    ComponentElement.visitChildren (package:flutter/src/widgets/framework.dart:5874:14)
#140    _InactiveElements._unmount (package:flutter/src/widgets/framework.dart:2113:13)
#141    _InactiveElements._unmount.<anonymous closure> (package:flutter/src/widgets/framework.dart:2115:7)
#142    ComponentElement.visitChildren (package:flutter/src/widgets/framework.dart:5874:14)
#143    _InactiveElements._unmount (package:flutter/src/widgets/framework.dart:2113:13)
#144    _InactiveElements._unmount.<anonymous closure> (package:flutter/src/widgets/framework.dart:2115:7)
#145    ComponentElement.visitChildren (package:flutter/src/widgets/framework.dart:5874:14)
#146    _InactiveElements._unmount (package:flutter/src/widgets/framework.dart:2113:13)
#147    _InactiveElements._unmount.<anonymous closure> (package:flutter/src/widgets/framework.dart:2115:7)
#148    ComponentElement.visitChildren (package:flutter/src/widgets/framework.dart:5874:14)
#149    _InactiveElements._unmount (package:flutter/src/widgets/framework.dart:2113:13)
#150    _InactiveElements._unmount.<anonymous closure> (package:flutter/src/widgets/framework.dart:2115:7)
#151    MultiChildRenderObjectElement.visitChildren (package:flutter/src/widgets/framework.dart:7228:16)
#152    _InactiveElements._unmount (package:flutter/src/widgets/framework.dart:2113:13)
#153    _InactiveElements._unmount.<anonymous closure> (package:flutter/src/widgets/framework.dart:2115:7)
#154    ComponentElement.visitChildren (package:flutter/src/widgets/framework.dart:5874:14)
#155    _InactiveElements._unmount (package:flutter/src/widgets/framework.dart:2113:13)
#156    _InactiveElements._unmount.<anonymous closure> (package:flutter/src/widgets/framework.dart:2115:7)
#157    ComponentElement.visitChildren (package:flutter/src/widgets/framework.dart:5874:14)
#158    _InactiveElements._unmount (package:flutter/src/widgets/framework.dart:2113:13)
#159    _InactiveElements._unmount.<anonymous closure> (package:flutter/src/widgets/framework.dart:2115:7)
#160    ComponentElement.visitChildren (package:flutter/src/widgets/framework.dart:5874:14)
#161    _InactiveElements._unmount (package:flutter/src/widgets/framework.dart:2113:13)
#162    _InactiveElements._unmount.<anonymous closure> (package:flutter/src/widgets/framework.dart:2115:7)
#163    ComponentElement.visitChildren (package:flutter/src/widgets/framework.dart:5874:14)
#164    _InactiveElements._unmount (package:flutter/src/widgets/framework.dart:2113:13)
#165    _InactiveElements._unmount.<anonymous closure> (package:flutter/src/widgets/framework.dart:2115:7)
#166    ComponentElement.visitChildren (package:flutter/src/widgets/framework.dart:5874:14)
#167    _InactiveElements._unmount (package:flutter/src/widgets/framework.dart:2113:13)
#168    _InactiveElements._unmount.<anonymous closure> (package:flutter/src/widgets/framework.dart:2115:7)
#169    ComponentElement.visitChildren (package:flutter/src/widgets/framework.dart:5874:14)
#170    _InactiveElements._unmount (package:flutter/src/widgets/framework.dart:2113:13)
#171    _InactiveElements._unmount.<anonymous closure> (package:flutter/src/widgets/framework.dart:2115:7)
#172    ComponentElement.visitChildren (package:flutter/src/widgets/framework.dart:5874:14)
#173    _InactiveElements._unmount (package:flutter/src/widgets/framework.dart:2113:13)
#174    _InactiveElements._unmount.<anonymous closure> (package:flutter/src/widgets/framework.dart:2115:7)
#175    SingleChildRenderObjectElement.visitChildren (package:flutter/src/widgets/framework.dart:7104:14)
#176    _InactiveElements._unmount (package:flutter/src/widgets/framework.dart:2113:13)
#177    _InactiveElements._unmount.<anonymous closure> (package:flutter/src/widgets/framework.dart:2115:7)
#178    SingleChildRenderObjectElement.visitChildren (package:flutter/src/widgets/framework.dart:7104:14)
#179    _InactiveElements._unmount (package:flutter/src/widgets/framework.dart:2113:13)
#180    _InactiveElements._unmount.<anonymous closure> (package:flutter/src/widgets/framework.dart:2115:7)
#181    ComponentElement.visitChildren (package:flutter/src/widgets/framework.dart:5874:14)
#182    _InactiveElements._unmount (package:flutter/src/widgets/framework.dart:2113:13)
#183    _InactiveElements._unmount.<anonymous closure> (package:flutter/src/widgets/framework.dart:2115:7)
#184    ComponentElement.visitChildren (package:flutter/src/widgets/framework.dart:5874:14)
#185    _InactiveElements._unmount (package:flutter/src/widgets/framework.dart:2113:13)
#186    _InactiveElements._unmount.<anonymous closure> (package:flutter/src/widgets/framework.dart:2115:7)
#187    ComponentElement.visitChildren (package:flutter/src/widgets/framework.dart:5874:14)
#188    _InactiveElements._unmount (package:flutter/src/widgets/framework.dart:2113:13)
#189    _InactiveElements._unmount.<anonymous closure> (package:flutter/src/widgets/framework.dart:2115:7)
#190    ComponentElement.visitChildren (package:flutter/src/widgets/framework.dart:5874:14)
#191    _InactiveElements._unmount (package:flutter/src/widgets/framework.dart:2113:13)
#192    _InactiveElements._unmount.<anonymous closure> (package:flutter/src/widgets/framework.dart:2115:7)
#193    SingleChildRenderObjectElement.visitChildren (package:flutter/src/widgets/framework.dart:7104:14)
#194    _InactiveElements._unmount (package:flutter/src/widgets/framework.dart:2113:13)
#195    _InactiveElements._unmount.<anonymous closure> (package:flutter/src/widgets/framework.dart:2115:7)
#196    ComponentElement.visitChildren (package:flutter/src/widgets/framework.dart:5874:14)
#197    _InactiveElements._unmount (package:flutter/src/widgets/framework.dart:2113:13)
#198    _InactiveElements._unmount.<anonymous closure> (package:flutter/src/widgets/framework.dart:2115:7)
#199    ComponentElement.visitChildren (package:flutter/src/widgets/framework.dart:5874:14)
#200    _InactiveElements._unmount (package:flutter/src/widgets/framework.dart:2113:13)
#201    _InactiveElements._unmount.<anonymous closure> (package:flutter/src/widgets/framework.dart:2115:7)
#202    ComponentElement.visitChildren (package:flutter/src/widgets/framework.dart:5874:14)
#203    _InactiveElements._unmount (package:flutter/src/widgets/framework.dart:2113:13)
#204    _InactiveElements._unmount.<anonymous closure> (package:flutter/src/widgets/framework.dart:2115:7)
#205    ComponentElement.visitChildren (package:flutter/src/widgets/framework.dart:5874:14)
#206    _InactiveElements._unmount (package:flutter/src/widgets/framework.dart:2113:13)
#207    _InactiveElements._unmount.<anonymous closure> (package:flutter/src/widgets/framework.dart:2115:7)
#208    ComponentElement.visitChildren (package:flutter/src/widgets/framework.dart:5874:14)
#209    _InactiveElements._unmount (package:flutter/src/widgets/framework.dart:2113:13)
#210    _InactiveElements._unmount.<anonymous closure> (package:flutter/src/widgets/framework.dart:2115:7)
#211    ComponentElement.visitChildren (package:flutter/src/widgets/framework.dart:5874:14)
#212    _InactiveElements._unmount (package:flutter/src/widgets/framework.dart:2113:13)
#213    _InactiveElements._unmount.<anonymous closure> (package:flutter/src/widgets/framework.dart:2115:7)
#214    ComponentElement.visitChildren (package:flutter/src/widgets/framework.dart:5874:14)
#215    _InactiveElements._unmount (package:flutter/src/widgets/framework.dart:2113:13)
#216    _InactiveElements._unmount.<anonymous closure> (package:flutter/src/widgets/framework.dart:2115:7)
#217    ComponentElement.visitChildren (package:flutter/src/widgets/framework.dart:5874:14)
#218    _InactiveElements._unmount (package:flutter/src/widgets/framework.dart:2113:13)
#219    _InactiveElements._unmount.<anonymous closure> (package:flutter/src/widgets/framework.dart:2115:7)
#220    ComponentElement.visitChildren (package:flutter/src/widgets/framework.dart:5874:14)
#221    _InactiveElements._unmount (package:flutter/src/widgets/framework.dart:2113:13)
#222    _InactiveElements._unmount.<anonymous closure> (package:flutter/src/widgets/framework.dart:2115:7)
#223    ComponentElement.visitChildren (package:flutter/src/widgets/framework.dart:5874:14)
#224    _InactiveElements._unmount (package:flutter/src/widgets/framework.dart:2113:13)
#225    _InactiveElements._unmount.<anonymous closure> (package:flutter/src/widgets/framework.dart:2115:7)
#226    ComponentElement.visitChildren (package:flutter/src/widgets/framework.dart:5874:14)
#227    _InactiveElements._unmount (package:flutter/src/widgets/framework.dart:2113:13)
#228    _InactiveElements._unmount.<anonymous closure> (package:flutter/src/widgets/framework.dart:2115:7)
#229    ComponentElement.visitChildren (package:flutter/src/widgets/framework.dart:5874:14)
#230    _InactiveElements._unmount (package:flutter/src/widgets/framework.dart:2113:13)
#231    _InactiveElements._unmount.<anonymous closure> (package:flutter/src/widgets/framework.dart:2115:7)
#232    ComponentElement.visitChildren (package:flutter/src/widgets/framework.dart:5874:14)
#233    _InactiveElements._unmount (package:flutter/src/widgets/framework.dart:2113:13)
#234    _InactiveElements._unmount.<anonymous closure> (package:flutter/src/widgets/framework.dart:2115:7)
#235    ComponentElement.visitChildren (package:flutter/src/widgets/framework.dart:5874:14)
#236    _InactiveElements._unmount (package:flutter/src/widgets/framework.dart:2113:13)
#237    _InactiveElements._unmount.<anonymous closure> (package:flutter/src/widgets/framework.dart:2115:7)
#238    ComponentElement.visitChildren (package:flutter/src/widgets/framework.dart:5874:14)
#239    _InactiveElements._unmount (package:flutter/src/widgets/framework.dart:2113:13)
#240    _InactiveElements._unmount.<anonymous closure> (package:flutter/src/widgets/framework.dart:2115:7)
#241    SingleChildRenderObjectElement.visitChildren (package:flutter/src/widgets/framework.dart:7104:14)
#242    _InactiveElements._unmount (package:flutter/src/widgets/framework.dart:2113:13)
#243    _InactiveElements._unmount.<anonymous closure> (package:flutter/src/widgets/framework.dart:2115:7)
#244    ComponentElement.visitChildren (package:flutter/src/widgets/framework.dart:5874:14)
#245    _InactiveElements._unmount (package:flutter/src/widgets/framework.dart:2113:13)
#246    _InactiveElements._unmount.<anonymous closure> (package:flutter/src/widgets/framework.dart:2115:7)
#247    ComponentElement.visitChildren (package:flutter/src/widgets/framework.dart:5874:14)
#248    _InactiveElements._unmount (package:flutter/src/widgets/framework.dart:2113:13)
#249    _InactiveElements._unmount.<anonymous closure> (package:flutter/src/widgets/framework.dart:2115:7)
#250    ComponentElement.visitChildren (package:flutter/src/widgets/framework.dart:5874:14)
#251    _InactiveElements._unmount (package:flutter/src/widgets/framework.dart:2113:13)
#252    _InactiveElements._unmount.<anonymous closure> (package:flutter/src/widgets/framework.dart:2115:7)
#253    ComponentElement.visitChildren (package:flutter/src/widgets/framework.dart:5874:14)
#254    _InactiveElements._unmount (package:flutter/src/widgets/framework.dart:2113:13)
#255    _InactiveElements._unmount.<anonymous closure> (package:flutter/src/widgets/framework.dart:2115:7)
#256    ComponentElement.visitChildren (package:flutter/src/widgets/framework.dart:5874:14)
#257    _InactiveElements._unmount (package:flutter/src/widgets/framework.dart:2113:13)
#258    _InactiveElements._unmount.<anonymous closure> (package:flutter/src/widgets/framework.dart:2115:7)
#259    SingleChildRenderObjectElement.visitChildren (package:flutter/src/widgets/framework.dart:7104:14)
#260    _InactiveElements._unmount (package:flutter/src/widgets/framework.dart:2113:13)
#261    _InactiveElements._unmount.<anonymous closure> (package:flutter/src/widgets/framework.dart:2115:7)
#262    ComponentElement.visitChildren (package:flutter/src/widgets/framework.dart:5874:14)
#263    _InactiveElements._unmount (package:flutter/src/widgets/framework.dart:2113:13)
#264    _InactiveElements._unmount.<anonymous closure> (package:flutter/src/widgets/framework.dart:2115:7)
#265    ComponentElement.visitChildren (package:flutter/src/widgets/framework.dart:5874:14)
#266    _InactiveElements._unmount (package:flutter/src/widgets/framework.dart:2113:13)
#267    _InactiveElements._unmount.<anonymous closure> (package:flutter/src/widgets/framework.dart:2115:7)
#268    SingleChildRenderObjectElement.visitChildren (package:flutter/src/widgets/framework.dart:7104:14)
#269    _InactiveElements._unmount (package:flutter/src/widgets/framework.dart:2113:13)
#270    _InactiveElements._unmount.<anonymous closure> (package:flutter/src/widgets/framework.dart:2115:7)
#271    ComponentElement.visitChildren (package:flutter/src/widgets/framework.dart:5874:14)
#272    _InactiveElements._unmount (package:flutter/src/widgets/framework.dart:2113:13)
#273    _InactiveElements._unmount.<anonymous closure> (package:flutter/src/widgets/framework.dart:2115:7)
#274    ComponentElement.visitChildren (package:flutter/src/widgets/framework.dart:5874:14)
#275    _InactiveElements._unmount (package:flutter/src/widgets/framework.dart:2113:13)
#276    _InactiveElements._unmount.<anonymous closure> (package:flutter/src/widgets/framework.dart:2115:7)
#277    ComponentElement.visitChildren (package:flutter/src/widgets/framework.dart:5874:14)
#278    _InactiveElements._unmount (package:flutter/src/widgets/framework.dart:2113:13)
#279    _InactiveElements._unmount.<anonymous closure> (package:flutter/src/widgets/framework.dart:2115:7)
#280    ComponentElement.visitChildren (package:flutter/src/widgets/framework.dart:5874:14)
#281    _InactiveElements._unmount (package:flutter/src/widgets/framework.dart:2113:13)
#282    _InactiveElements._unmount.<anonymous closure> (package:flutter/src/widgets/framework.dart:2115:7)
#283    ComponentElement.visitChildren (package:flutter/src/widgets/framework.dart:5874:14)
#284    _InactiveElements._unmount (package:flutter/src/widgets/framework.dart:2113:13)
#285    _InactiveElements._unmount.<anonymous closure> (package:flutter/src/widgets/framework.dart:2115:7)
#286    SingleChildRenderObjectElement.visitChildren (package:flutter/src/widgets/framework.dart:7104:14)
#287    _InactiveElements._unmount (package:flutter/src/widgets/framework.dart:2113:13)
#288    _InactiveElements._unmount.<anonymous closure> (package:flutter/src/widgets/framework.dart:2115:7)
#289    ComponentElement.visitChildren (package:flutter/src/widgets/framework.dart:5874:14)
#290    _InactiveElements._unmount (package:flutter/src/widgets/framework.dart:2113:13)
#291    _InactiveElements._unmount.<anonymous closure> (package:flutter/src/widgets/framework.dart:2115:7)
#292    ComponentElement.visitChildren (package:flutter/src/widgets/framework.dart:5874:14)
#293    _InactiveElements._unmount (package:flutter/src/widgets/framework.dart:2113:13)
#294    _InactiveElements._unmount.<anonymous closure> (package:flutter/src/widgets/framework.dart:2115:7)
#295    ComponentElement.visitChildren (package:flutter/src/widgets/framework.dart:5874:14)
#296    _InactiveElements._unmount (package:flutter/src/widgets/framework.dart:2113:13)
#297    _InactiveElements._unmount.<anonymous closure> (package:flutter/src/widgets/framework.dart:2115:7)
#298    ComponentElement.visitChildren (package:flutter/src/widgets/framework.dart:5874:14)
#299    _InactiveElements._unmount (package:flutter/src/widgets/framework.dart:2113:13)
#300    _InactiveElements._unmount.<anonymous closure> (package:flutter/src/widgets/framework.dart:2115:7)
#301    ComponentElement.visitChildren (package:flutter/src/widgets/framework.dart:5874:14)
#302    _InactiveElements._unmount (package:flutter/src/widgets/framework.dart:2113:13)
#303    _InactiveElements._unmount.<anonymous closure> (package:flutter/src/widgets/framework.dart:2115:7)
#304    SingleChildRenderObjectElement.visitChildren (package:flutter/src/widgets/framework.dart:7104:14)
#305    _InactiveElements._unmount (package:flutter/src/widgets/framework.dart:2113:13)
#306    _InactiveElements._unmount.<anonymous closure> (package:flutter/src/widgets/framework.dart:2115:7)
#307    ComponentElement.visitChildren (package:flutter/src/widgets/framework.dart:5874:14)
#308    _InactiveElements._unmount (package:flutter/src/widgets/framework.dart:2113:13)
#309    _InactiveElements._unmount.<anonymous closure> (package:flutter/src/widgets/framework.dart:2115:7)
#310    ComponentElement.visitChildren (package:flutter/src/widgets/framework.dart:5874:14)
#311    _InactiveElements._unmount (package:flutter/src/widgets/framework.dart:2113:13)
#312    _InactiveElements._unmount.<anonymous closure> (package:flutter/src/widgets/framework.dart:2115:7)
#313    ComponentElement.visitChildren (package:flutter/src/widgets/framework.dart:5874:14)
#314    _InactiveElements._unmount (package:flutter/src/widgets/framework.dart:2113:13)
#315    _InactiveElements._unmount.<anonymous closure> (package:flutter/src/widgets/framework.dart:2115:7)
#316    ComponentElement.visitChildren (package:flutter/src/widgets/framework.dart:5874:14)
#317    _InactiveElements._unmount (package:flutter/src/widgets/framework.dart:2113:13)
#318    _InactiveElements._unmount.<anonymous closure> (package:flutter/src/widgets/framework.dart:2115:7)
#319    SingleChildRenderObjectElement.visitChildren (package:flutter/src/widgets/framework.dart:7104:14)
#320    _InactiveElements._unmount (package:flutter/src/widgets/framework.dart:2113:13)
#321    _InactiveElements._unmount.<anonymous closure> (package:flutter/src/widgets/framework.dart:2115:7)
#322    ComponentElement.visitChildren (package:flutter/src/widgets/framework.dart:5874:14)
#323    _InactiveElements._unmount (package:flutter/src/widgets/framework.dart:2113:13)
#324    _InactiveElements._unmount.<anonymous closure> (package:flutter/src/widgets/framework.dart:2115:7)
#325    ComponentElement.visitChildren (package:flutter/src/widgets/framework.dart:5874:14)
#326    _InactiveElements._unmount (package:flutter/src/widgets/framework.dart:2113:13)
#327    _InactiveElements._unmount.<anonymous closure> (package:flutter/src/widgets/framework.dart:2115:7)
#328    ComponentElement.visitChildren (package:flutter/src/widgets/framework.dart:5874:14)
#329    _InactiveElements._unmount (package:flutter/src/widgets/framework.dart:2113:13)
#330    _InactiveElements._unmount.<anonymous closure> (package:flutter/src/widgets/framework.dart:2115:7)
#331    ComponentElement.visitChildren (package:flutter/src/widgets/framework.dart:5874:14)
#332    _InactiveElements._unmount (package:flutter/src/widgets/framework.dart:2113:13)
#333    _InactiveElements._unmount.<anonymous closure> (package:flutter/src/widgets/framework.dart:2115:7)
#334    ComponentElement.visitChildren (package:flutter/src/widgets/framework.dart:5874:14)
#335    _InactiveElements._unmount (package:flutter/src/widgets/framework.dart:2113:13)
#336    _InactiveElements._unmount.<anonymous closure> (package:flutter/src/widgets/framework.dart:2115:7)
#337    ComponentElement.visitChildren (package:flutter/src/widgets/framework.dart:5874:14)
#338    _InactiveElements._unmount (package:flutter/src/widgets/framework.dart:2113:13)
#339    _InactiveElements._unmount.<anonymous closure> (package:flutter/src/widgets/framework.dart:2115:7)
#340    ComponentElement.visitChildren (package:flutter/src/widgets/framework.dart:5874:14)
#341    _InactiveElements._unmount (package:flutter/src/widgets/framework.dart:2113:13)
#342    _InactiveElements._unmount.<anonymous closure> (package:flutter/src/widgets/framework.dart:2115:7)
#343    ComponentElement.visitChildren (package:flutter/src/widgets/framework.dart:5874:14)
#344    _InactiveElements._unmount (package:flutter/src/widgets/framework.dart:2113:13)
#345    _InactiveElements._unmount.<anonymous closure> (package:flutter/src/widgets/framework.dart:2115:7)
#346    ComponentElement.visitChildren (package:flutter/src/widgets/framework.dart:5874:14)
#347    _InactiveElements._unmount (package:flutter/src/widgets/framework.dart:2113:13)
#348    _InactiveElements._unmount.<anonymous closure> (package:flutter/src/widgets/framework.dart:2115:7)
#349    ComponentElement.visitChildren (package:flutter/src/widgets/framework.dart:5874:14)
#350    _InactiveElements._unmount (package:flutter/src/widgets/framework.dart:2113:13)
#351    _InactiveElements._unmount.<anonymous closure> (package:flutter/src/widgets/framework.dart:2115:7)
#352    ComponentElement.visitChildren (package:flutter/src/widgets/framework.dart:5874:14)
#353    _InactiveElements._unmount (package:flutter/src/widgets/framework.dart:2113:13)
#354    _InactiveElements._unmount.<anonymous closure> (package:flutter/src/widgets/framework.dart:2115:7)
#355    SingleChildRenderObjectElement.visitChildren (package:flutter/src/widgets/framework.dart:7104:14)
#356    _InactiveElements._unmount (package:flutter/src/widgets/framework.dart:2113:13)
#357    _InactiveElements._unmount.<anonymous closure> (package:flutter/src/widgets/framework.dart:2115:7)
#358    ComponentElement.visitChildren (package:flutter/src/widgets/framework.dart:5874:14)
#359    _InactiveElements._unmount (package:flutter/src/widgets/framework.dart:2113:13)
#360    _InactiveElements._unmount.<anonymous closure> (package:flutter/src/widgets/framework.dart:2115:7)
#361    ComponentElement.visitChildren (package:flutter/src/widgets/framework.dart:5874:14)
#362    _InactiveElements._unmount (package:flutter/src/widgets/framework.dart:2113:13)
#363    _InactiveElements._unmount.<anonymous closure> (package:flutter/src/widgets/framework.dart:2115:7)
#364    ComponentElement.visitChildren (package:flutter/src/widgets/framework.dart:5874:14)
#365    _InactiveElements._unmount (package:flutter/src/widgets/framework.dart:2113:13)
#366    _InactiveElements._unmount.<anonymous closure> (package:flutter/src/widgets/framework.dart:2115:7)
#367    ComponentElement.visitChildren (package:flutter/src/widgets/framework.dart:5874:14)
#368    _InactiveElements._unmount (package:flutter/src/widgets/framework.dart:2113:13)
#369    _InactiveElements._unmount.<anonymous closure> (package:flutter/src/widgets/framework.dart:2115:7)
#370    ComponentElement.visitChildren (package:flutter/src/widgets/framework.dart:5874:14)
#371    _InactiveElements._unmount (package:flutter/src/widgets/framework.dart:2113:13)
#372    ListIterable.forEach (dart:_internal/iterable.dart:49:13)
#373    _InactiveElements._unmountAll (package:flutter/src/widgets/framework.dart:2126:25)
#374    BuildOwner.lockState (package:flutter/src/widgets/framework.dart:3020:15)
#375    BuildOwner.finalizeTree (package:flutter/src/widgets/framework.dart:3344:7)
#376    AutomatedTestWidgetsFlutterBinding.drawFrame (package:flutter_test/src/binding.dart:1528:19)
#377    RendererBinding._handlePersistentFrameCallback (package:flutter/src/rendering/binding.dart:495:5)
#378    SchedulerBinding._invokeFrameCallback (package:flutter/src/scheduler/binding.dart:1434:15)
#379    SchedulerBinding.handleDrawFrame (package:flutter/src/scheduler/binding.dart:1347:9)
#380    AutomatedTestWidgetsFlutterBinding.scheduleWarmUpFrame (package:flutter_test/src/binding.dart:1432:5)
#381    _runWidget (package:flutter/src/widgets/binding.dart:1643:7)
#382    runApp (package:flutter/src/widgets/binding.dart:1576:3)
#383    TestWidgetsFlutterBinding._runTestBody (package:flutter_test/src/binding.dart:1047:5)
#386    TestWidgetsFlutterBinding._runTest (package:flutter_test/src/binding.dart:1033:10)
#387    AutomatedTestWidgetsFlutterBinding.runTest.<anonymous closure> (package:flutter_test/src/binding.dart:1564:24)
#388    FakeAsync.run.<anonymous closure>.<anonymous closure> (package:fake_async/fake_async.dart:182:47)
#393    withClock (package:clock/src/default.dart:52:10)
#394    FakeAsync.run.<anonymous closure> (package:fake_async/fake_async.dart:182:15)
#399    FakeAsync.run (package:fake_async/fake_async.dart:181:52)
#400    AutomatedTestWidgetsFlutterBinding.runTest (package:flutter_test/src/binding.dart:1561:15)
#401    testWidgets.<anonymous closure> (package:flutter_test/src/widget_tester.dart:184:24)
#402    Declarer.test.<anonymous closure>.<anonymous closure> (package:test_api/src/backend/declarer.dart:242:19)
<asynchronous suspension>
#403    Declarer.test.<anonymous closure> (package:test_api/src/backend/declarer.dart:240:7)
<asynchronous suspension>
#404    Invoker._waitForOutstandingCallbacks.<anonymous closure> (package:test_api/src/backend/invoker.dart:282:9)
<asynchronous suspension>
(elided 10 frames from dart:async)
ÔòÉÔòÉÔòÉÔòÉÔòÉÔòÉÔòÉÔòÉÔòÉÔòÉÔòÉÔòÉÔòÉÔòÉÔòÉÔòÉÔòÉÔòÉÔòÉÔòÉÔòÉÔòÉÔòÉÔòÉÔòÉÔòÉÔòÉÔòÉÔòÉÔòÉÔòÉÔòÉÔòÉÔòÉÔòÉÔòÉÔòÉÔòÉÔòÉÔòÉÔòÉÔòÉÔòÉÔòÉÔòÉÔòÉÔòÉÔòÉÔòÉÔòÉÔòÉÔòÉÔòÉÔòÉÔòÉÔòÉÔòÉÔòÉÔòÉÔòÉÔòÉÔòÉÔòÉÔòÉÔòÉÔòÉÔòÉÔòÉÔòÉÔòÉÔòÉÔòÉÔòÉÔòÉÔòÉÔòÉÔòÉÔòÉÔòÉÔòÉÔòÉÔòÉÔòÉÔòÉÔòÉÔòÉÔòÉÔòÉÔòÉÔòÉÔòÉÔòÉÔòÉÔòÉÔòÉÔòÉÔòÉÔòÉÔòÉÔòÉ
ÔòÉÔòÉÔòí EXCEPTION CAUGHT BY WIDGETS LIBRARY Ôò×ÔòÉÔòÉÔòÉÔòÉÔòÉÔòÉÔòÉÔòÉÔòÉÔòÉÔòÉÔòÉÔòÉÔòÉÔòÉÔòÉÔòÉÔòÉÔòÉÔòÉÔòÉÔòÉÔòÉÔòÉÔòÉÔòÉÔòÉÔòÉÔòÉÔòÉÔòÉÔòÉÔòÉÔòÉÔòÉÔòÉÔòÉÔòÉÔòÉÔòÉÔòÉÔòÉÔòÉÔòÉÔòÉÔòÉÔòÉÔòÉÔòÉÔòÉÔòÉÔòÉÔòÉÔòÉÔòÉÔòÉÔòÉÔòÉÔòÉ
The following StateError was thrown building _GuiaLoginView(dependencies: [InheritedCupertinoTheme,
_InheritedTheme, _LocalizationsScope-[GlobalKey#3faf8]], state: _GuiaLoginViewState#d4803):
Bad state: GetIt: Object/factory with type GuiaLoginCubit is not registered inside GetIt.
(Did you accidentally do GetIt sl=GetIt.instance(); instead of GetIt sl=GetIt.instance;
Did you forget to register it?)

The relevant error-causing widget was:
  _GuiaLoginView
  _GuiaLoginView:file:///C:/Users/HP/Documents/OthliAni/othliani/frontend/lib/features/guia/auth/presentation/screens/guia_login_screen.dart:15:20

When the exception was thrown, this was the stack:
#0      throwIfNot (package:get_it/get_it_impl.dart:14:19)
#1      _GetItImplementation._findRegistrationByNameAndType (package:get_it/get_it_impl.dart:682:5)
#2      _GetItImplementation._get (package:get_it/get_it_impl.dart:740:11)
#3      _GetItImplementation.get (package:get_it/get_it_impl.dart:707:12)
#4      _GetItImplementation.call (package:get_it/get_it_impl.dart:829:12)
#5      GuiaLoginScreen.build.<anonymous closure> (package:frontend/features/guia/auth/presentation/screens/guia_login_screen.dart:14:24)
#6      _CreateInheritedProviderState.value (package:provider/src/inherited_provider.dart:749:36)
#7      _InheritedProviderScopeElement.value (package:provider/src/inherited_provider.dart:603:33)
#8      Provider.of (package:provider/src/provider.dart:337:37)
#9      ReadContext.read (package:provider/src/provider.dart:683:21)
#10     _BlocListenerBaseState.initState (package:flutter_bloc/src/bloc_listener.dart:158:36)
#11     StatefulElement._firstBuild (package:flutter/src/widgets/framework.dart:5953:55)
#12     ComponentElement.mount (package:flutter/src/widgets/framework.dart:5796:5)
#13     SingleChildWidgetElementMixin.mount (package:nested/nested.dart:222:11)
...     Normal element mounting (15 frames)
#28     _InheritedProviderScopeElement.mount (package:provider/src/inherited_provider.dart:424:11)
...     Normal element mounting (7 frames)
#35     SingleChildWidgetElementMixin.mount (package:nested/nested.dart:222:11)
...     Normal element mounting (7 frames)
#42     SingleChildWidgetElementMixin.mount (package:nested/nested.dart:222:11)
...     Normal element mounting (266 frames)
#308    Element.inflateWidget (package:flutter/src/widgets/framework.dart:4590:20)
#309    MultiChildRenderObjectElement.inflateWidget (package:flutter/src/widgets/framework.dart:7269:36)
#310    MultiChildRenderObjectElement.mount (package:flutter/src/widgets/framework.dart:7285:32)
...     Normal element mounting (465 frames)
#775    Element.inflateWidget (package:flutter/src/widgets/framework.dart:4590:20)
#776    Element.updateChild (package:flutter/src/widgets/framework.dart:4053:20)
#777    ComponentElement.performRebuild (package:flutter/src/widgets/framework.dart:5844:16)
#778    Element.rebuild (package:flutter/src/widgets/framework.dart:5532:7)
#779    ProxyElement.update (package:flutter/src/widgets/framework.dart:6152:5)
#780    _InheritedNotifierElement.update (package:flutter/src/widgets/inherited_notifier.dart:108:11)
#781    Element.updateChild (package:flutter/src/widgets/framework.dart:4037:15)
#782    ComponentElement.performRebuild (package:flutter/src/widgets/framework.dart:5844:16)
#783    StatefulElement.performRebuild (package:flutter/src/widgets/framework.dart:5985:11)
#784    Element.rebuild (package:flutter/src/widgets/framework.dart:5532:7)
#785    StatefulElement.update (package:flutter/src/widgets/framework.dart:6010:5)
#786    Element.updateChild (package:flutter/src/widgets/framework.dart:4037:15)
#787    ComponentElement.performRebuild (package:flutter/src/widgets/framework.dart:5844:16)
#788    Element.rebuild (package:flutter/src/widgets/framework.dart:5532:7)
#789    ProxyElement.update (package:flutter/src/widgets/framework.dart:6152:5)
#790    _InheritedNotifierElement.update (package:flutter/src/widgets/inherited_notifier.dart:108:11)
#791    Element.updateChild (package:flutter/src/widgets/framework.dart:4037:15)
#792    ComponentElement.performRebuild (package:flutter/src/widgets/framework.dart:5844:16)
#793    StatefulElement.performRebuild (package:flutter/src/widgets/framework.dart:5985:11)
#794    Element.rebuild (package:flutter/src/widgets/framework.dart:5532:7)
#795    StatefulElement.update (package:flutter/src/widgets/framework.dart:6010:5)
#796    Element.updateChild (package:flutter/src/widgets/framework.dart:4037:15)
#797    ComponentElement.performRebuild (package:flutter/src/widgets/framework.dart:5844:16)
#798    StatefulElement.performRebuild (package:flutter/src/widgets/framework.dart:5985:11)
#799    Element.rebuild (package:flutter/src/widgets/framework.dart:5532:7)
#800    StatefulElement.update (package:flutter/src/widgets/framework.dart:6010:5)
#801    Element.updateChild (package:flutter/src/widgets/framework.dart:4037:15)
#802    ComponentElement.performRebuild (package:flutter/src/widgets/framework.dart:5844:16)
#803    Element.rebuild (package:flutter/src/widgets/framework.dart:5532:7)
#804    ProxyElement.update (package:flutter/src/widgets/framework.dart:6152:5)
#805    Element.updateChild (package:flutter/src/widgets/framework.dart:4037:15)
#806    ComponentElement.performRebuild (package:flutter/src/widgets/framework.dart:5844:16)
#807    StatefulElement.performRebuild (package:flutter/src/widgets/framework.dart:5985:11)
#808    Element.rebuild (package:flutter/src/widgets/framework.dart:5532:7)
#809    StatefulElement.update (package:flutter/src/widgets/framework.dart:6010:5)
#810    Element.updateChild (package:flutter/src/widgets/framework.dart:4037:15)
#811    ComponentElement.performRebuild (package:flutter/src/widgets/framework.dart:5844:16)
#812    Element.rebuild (package:flutter/src/widgets/framework.dart:5532:7)
#813    ProxyElement.update (package:flutter/src/widgets/framework.dart:6152:5)
#814    Element.updateChild (package:flutter/src/widgets/framework.dart:4037:15)
#815    ComponentElement.performRebuild (package:flutter/src/widgets/framework.dart:5844:16)
#816    Element.rebuild (package:flutter/src/widgets/framework.dart:5532:7)
#817    ProxyElement.update (package:flutter/src/widgets/framework.dart:6152:5)
#818    Element.updateChild (package:flutter/src/widgets/framework.dart:4037:15)
#819    _RawViewElement._updateChild (package:flutter/src/widgets/view.dart:481:16)
#820    _RawViewElement.update (package:flutter/src/widgets/view.dart:568:5)
#821    Element.updateChild (package:flutter/src/widgets/framework.dart:4037:15)
#822    ComponentElement.performRebuild (package:flutter/src/widgets/framework.dart:5844:16)
#823    Element.rebuild (package:flutter/src/widgets/framework.dart:5532:7)
#824    StatelessElement.update (package:flutter/src/widgets/framework.dart:5898:5)
#825    Element.updateChild (package:flutter/src/widgets/framework.dart:4037:15)
#826    ComponentElement.performRebuild (package:flutter/src/widgets/framework.dart:5844:16)
#827    StatefulElement.performRebuild (package:flutter/src/widgets/framework.dart:5985:11)
#828    Element.rebuild (package:flutter/src/widgets/framework.dart:5532:7)
#829    StatefulElement.update (package:flutter/src/widgets/framework.dart:6010:5)
#830    Element.updateChild (package:flutter/src/widgets/framework.dart:4037:15)
#831    RootElement._rebuild (package:flutter/src/widgets/binding.dart:1782:16)
#832    RootElement.update (package:flutter/src/widgets/binding.dart:1760:5)
#833    RootElement.performRebuild (package:flutter/src/widgets/binding.dart:1774:7)
#834    Element.rebuild (package:flutter/src/widgets/framework.dart:5532:7)
#835    BuildScope._tryRebuild (package:flutter/src/widgets/framework.dart:2750:15)
#836    BuildScope._flushDirtyElements (package:flutter/src/widgets/framework.dart:2807:11)
#837    BuildOwner.buildScope (package:flutter/src/widgets/framework.dart:3111:18)
#838    AutomatedTestWidgetsFlutterBinding.drawFrame (package:flutter_test/src/binding.dart:1506:19)
#839    RendererBinding._handlePersistentFrameCallback (package:flutter/src/rendering/binding.dart:495:5)
#840    SchedulerBinding._invokeFrameCallback (package:flutter/src/scheduler/binding.dart:1434:15)
#841    SchedulerBinding.handleDrawFrame (package:flutter/src/scheduler/binding.dart:1347:9)
#842    AutomatedTestWidgetsFlutterBinding.pump.<anonymous closure> (package:flutter_test/src/binding.dart:1335:9)
#845    TestAsyncUtils.guard (package:flutter_test/src/test_async_utils.dart:74:41)
#846    AutomatedTestWidgetsFlutterBinding.pump (package:flutter_test/src/binding.dart:1324:27)
#847    WidgetTester.pumpWidget.<anonymous closure> (package:flutter_test/src/widget_tester.dart:598:22)
#850    TestAsyncUtils.guard (package:flutter_test/src/test_async_utils.dart:74:41)
#851    WidgetTester.pumpWidget (package:flutter_test/src/widget_tester.dart:595:27)
#852    main.<anonymous closure>.<anonymous closure> (file:///C:/Users/HP/Documents/OthliAni/othliani/frontend/test/features/guia/auth/presentation/screens/guia_login_screen_test.dart:87:20)
#853    testWidgets.<anonymous closure>.<anonymous closure> (package:flutter_test/src/widget_tester.dart:192:29)
<asynchronous suspension>
#854    TestWidgetsFlutterBinding._runTestBody (package:flutter_test/src/binding.dart:1059:5)
<asynchronous suspension>
<asynchronous suspension>
(elided 5 frames from dart:async and package:stack_trace)

ÔòÉÔòÉÔòÉÔòÉÔòÉÔòÉÔòÉÔòÉÔòÉÔòÉÔòÉÔòÉÔòÉÔòÉÔòÉÔòÉÔòÉÔòÉÔòÉÔòÉÔòÉÔòÉÔòÉÔòÉÔòÉÔòÉÔòÉÔòÉÔòÉÔòÉÔòÉÔòÉÔòÉÔòÉÔòÉÔòÉÔòÉÔòÉÔòÉÔòÉÔòÉÔòÉÔòÉÔòÉÔòÉÔòÉÔòÉÔòÉÔòÉÔòÉÔòÉÔòÉÔòÉÔòÉÔòÉÔòÉÔòÉÔòÉÔòÉÔòÉÔòÉÔòÉÔòÉÔòÉÔòÉÔòÉÔòÉÔòÉÔòÉÔòÉÔòÉÔòÉÔòÉÔòÉÔòÉÔòÉÔòÉÔòÉÔòÉÔòÉÔòÉÔòÉÔòÉÔòÉÔòÉÔòÉÔòÉÔòÉÔòÉÔòÉÔòÉÔòÉÔòÉÔòÉÔòÉÔòÉÔòÉÔòÉÔòÉÔòÉ
ÔòÉÔòÉÔòí EXCEPTION CAUGHT BY FLUTTER TEST FRAMEWORK Ôò×ÔòÉÔòÉÔòÉÔòÉÔòÉÔòÉÔòÉÔòÉÔòÉÔòÉÔòÉÔòÉÔòÉÔòÉÔòÉÔòÉÔòÉÔòÉÔòÉÔòÉÔòÉÔòÉÔòÉÔòÉÔòÉÔòÉÔòÉÔòÉÔòÉÔòÉÔòÉÔòÉÔòÉÔòÉÔòÉÔòÉÔòÉÔòÉÔòÉÔòÉÔòÉÔòÉÔòÉÔòÉÔòÉÔòÉÔòÉÔòÉÔòÉÔòÉÔòÉÔòÉ
The following TestFailure was thrown running a test:
Expected: exactly one matching candidate
  Actual: _TextWidgetFinder:<Found 0 widgets with text "Error de prueba": []>
   Which: means none were found but one was expected

When the exception was thrown, this was the stack:
#4      main.<anonymous closure>.<anonymous closure> (file:///C:/Users/HP/Documents/OthliAni/othliani/frontend/test/features/guia/auth/presentation/screens/guia_login_screen_test.dart:90:7)
<asynchronous suspension>
#5      testWidgets.<anonymous closure>.<anonymous closure> (package:flutter_test/src/widget_tester.dart:192:15)
<asynchronous suspension>
#6      TestWidgetsFlutterBinding._runTestBody (package:flutter_test/src/binding.dart:1059:5)
<asynchronous suspension>
<asynchronous suspension>
(elided one frame from package:stack_trace)

This was caught by the test expectation on the following line:
  file:///C:/Users/HP/Documents/OthliAni/othliani/frontend/test/features/guia/auth/presentation/screens/guia_login_screen_test.dart line 90
The test description was:
  Muestra un SnackBar si el estado cambia a Failure
ÔòÉÔòÉÔòÉÔòÉÔòÉÔòÉÔòÉÔòÉÔòÉÔòÉÔòÉÔòÉÔòÉÔòÉÔòÉÔòÉÔòÉÔòÉÔòÉÔòÉÔòÉÔòÉÔòÉÔòÉÔòÉÔòÉÔòÉÔòÉÔòÉÔòÉÔòÉÔòÉÔòÉÔòÉÔòÉÔòÉÔòÉÔòÉÔòÉÔòÉÔòÉÔòÉÔòÉÔòÉÔòÉÔòÉÔòÉÔòÉÔòÉÔòÉÔòÉÔòÉÔòÉÔòÉÔòÉÔòÉÔòÉÔòÉÔòÉÔòÉÔòÉÔòÉÔòÉÔòÉÔòÉÔòÉÔòÉÔòÉÔòÉÔòÉÔòÉÔòÉÔòÉÔòÉÔòÉÔòÉÔòÉÔòÉÔòÉÔòÉÔòÉÔòÉÔòÉÔòÉÔòÉÔòÉÔòÉÔòÉÔòÉÔòÉÔòÉÔòÉÔòÉÔòÉÔòÉÔòÉÔòÉÔòÉÔòÉÔòÉ
ÔòÉÔòÉÔòí EXCEPTION CAUGHT BY FLUTTER TEST FRAMEWORK Ôò×ÔòÉÔòÉÔòÉÔòÉÔòÉÔòÉÔòÉÔòÉÔòÉÔòÉÔòÉÔòÉÔòÉÔòÉÔòÉÔòÉÔòÉÔòÉÔòÉÔòÉÔòÉÔòÉÔòÉÔòÉÔòÉÔòÉÔòÉÔòÉÔòÉÔòÉÔòÉÔòÉÔòÉÔòÉÔòÉÔòÉÔòÉÔòÉÔòÉÔòÉÔòÉÔòÉÔòÉÔòÉÔòÉÔòÉÔòÉÔòÉÔòÉÔòÉÔòÉÔòÉ
The following message was thrown:
Multiple exceptions (3) were detected during the running of the current test, and at least one was
unexpected.
ÔòÉÔòÉÔòÉÔòÉÔòÉÔòÉÔòÉÔòÉÔòÉÔòÉÔòÉÔòÉÔòÉÔòÉÔòÉÔòÉÔòÉÔòÉÔòÉÔòÉÔòÉÔòÉÔòÉÔòÉÔòÉÔòÉÔòÉÔòÉÔòÉÔòÉÔòÉÔòÉÔòÉÔòÉÔòÉÔòÉÔòÉÔòÉÔòÉÔòÉÔòÉÔòÉÔòÉÔòÉÔòÉÔòÉÔòÉÔòÉÔòÉÔòÉÔòÉÔòÉÔòÉÔòÉÔòÉÔòÉÔòÉÔòÉÔòÉÔòÉÔòÉÔòÉÔòÉÔòÉÔòÉÔòÉÔòÉÔòÉÔòÉÔòÉÔòÉÔòÉÔòÉÔòÉÔòÉÔòÉÔòÉÔòÉÔòÉÔòÉÔòÉÔòÉÔòÉÔòÉÔòÉÔòÉÔòÉÔòÉÔòÉÔòÉÔòÉÔòÉÔòÉÔòÉÔòÉÔòÉÔòÉÔòÉÔòÉÔòÉ
00:02 +0 -4: GuiaLoginScreen (Widget Test) Muestra un SnackBar si el estado cambia a Failure [E]
  Test failed. See exception logs above.
  The test description was: Muestra un SnackBar si el estado cambia a Failure
  
00:03 +0 -4: Some tests failed.
